Component: ARM Compiler 5.06 update 7 (build 960) Tool: armlink [4d3601]

==============================================================================

Section Cross References

    startup_stm32f407xx.o(STACK) refers (Special) to heapauxi.o(.text) for __use_two_region_memory
    startup_stm32f407xx.o(HEAP) refers (Special) to heapauxi.o(.text) for __use_two_region_memory
    startup_stm32f407xx.o(RESET) refers (Special) to heapauxi.o(.text) for __use_two_region_memory
    startup_stm32f407xx.o(RESET) refers to startup_stm32f407xx.o(STACK) for __initial_sp
    startup_stm32f407xx.o(RESET) refers to startup_stm32f407xx.o(.text) for Reset_Handler
    startup_stm32f407xx.o(RESET) refers to stm32f4xx_it.o(i.NMI_Handler) for NMI_Handler
    startup_stm32f407xx.o(RESET) refers to stm32f4xx_it.o(i.HardFault_Handler) for HardFault_Handler
    startup_stm32f407xx.o(RESET) refers to stm32f4xx_it.o(i.MemManage_Handler) for MemManage_Handler
    startup_stm32f407xx.o(RESET) refers to stm32f4xx_it.o(i.BusFault_Handler) for BusFault_Handler
    startup_stm32f407xx.o(RESET) refers to stm32f4xx_it.o(i.UsageFault_Handler) for UsageFault_Handler
    startup_stm32f407xx.o(RESET) refers to stm32f4xx_it.o(i.SVC_Handler) for SVC_Handler
    startup_stm32f407xx.o(RESET) refers to stm32f4xx_it.o(i.DebugMon_Handler) for DebugMon_Handler
    startup_stm32f407xx.o(RESET) refers to stm32f4xx_it.o(i.PendSV_Handler) for PendSV_Handler
    startup_stm32f407xx.o(RESET) refers to stm32f4xx_it.o(i.SysTick_Handler) for SysTick_Handler
    startup_stm32f407xx.o(RESET) refers to stm32f4xx_it.o(i.OTG_FS_IRQHandler) for OTG_FS_IRQHandler
    startup_stm32f407xx.o(.text) refers (Special) to heapauxi.o(.text) for __use_two_region_memory
    startup_stm32f407xx.o(.text) refers to system_stm32f4xx.o(i.SystemInit) for SystemInit
    startup_stm32f407xx.o(.text) refers to __main.o(!!!main) for __main
    startup_stm32f407xx.o(.text) refers to startup_stm32f407xx.o(HEAP) for Heap_Mem
    startup_stm32f407xx.o(.text) refers to startup_stm32f407xx.o(STACK) for Stack_Mem
    main.o(i.SystemClock_Config) refers to rt_memclr_w.o(.text) for __aeabi_memclr4
    main.o(i.SystemClock_Config) refers to stm32f4xx_hal_rcc.o(i.HAL_RCC_OscConfig) for HAL_RCC_OscConfig
    main.o(i.SystemClock_Config) refers to stm32f4xx_hal_rcc.o(i.HAL_RCC_ClockConfig) for HAL_RCC_ClockConfig
    main.o(i.main) refers to stm32f4xx_hal.o(i.HAL_Init) for HAL_Init
    main.o(i.main) refers to main.o(i.SystemClock_Config) for SystemClock_Config
    main.o(i.main) refers to gpio.o(i.MX_GPIO_Init) for MX_GPIO_Init
    main.o(i.main) refers to usb_device.o(i.MX_USB_DEVICE_Init) for MX_USB_DEVICE_Init
    stm32f4xx_it.o(i.OTG_FS_IRQHandler) refers to stm32f4xx_hal_pcd.o(i.HAL_PCD_IRQHandler) for HAL_PCD_IRQHandler
    stm32f4xx_it.o(i.OTG_FS_IRQHandler) refers to usbd_conf.o(.bss) for hpcd_USB_OTG_FS
    stm32f4xx_it.o(i.SysTick_Handler) refers to stm32f4xx_hal.o(i.HAL_IncTick) for HAL_IncTick
    usb_device.o(i.MX_USB_DEVICE_Init) refers to usbd_core.o(i.USBD_Init) for USBD_Init
    usb_device.o(i.MX_USB_DEVICE_Init) refers to main.o(i.Error_Handler) for Error_Handler
    usb_device.o(i.MX_USB_DEVICE_Init) refers to usbd_core.o(i.USBD_RegisterClass) for USBD_RegisterClass
    usb_device.o(i.MX_USB_DEVICE_Init) refers to usbd_cdc.o(i.USBD_CDC_RegisterInterface) for USBD_CDC_RegisterInterface
    usb_device.o(i.MX_USB_DEVICE_Init) refers to usbd_core.o(i.USBD_Start) for USBD_Start
    usb_device.o(i.MX_USB_DEVICE_Init) refers to usbd_desc.o(.data) for FS_Desc
    usb_device.o(i.MX_USB_DEVICE_Init) refers to usb_device.o(.bss) for .bss
    usb_device.o(i.MX_USB_DEVICE_Init) refers to usbd_cdc.o(.data) for USBD_CDC
    usb_device.o(i.MX_USB_DEVICE_Init) refers to usbd_cdc_if.o(.data) for USBD_Interface_fops_FS
    usbd_desc.o(i.USBD_FS_ConfigStrDescriptor) refers to usbd_ctlreq.o(i.USBD_GetString) for USBD_GetString
    usbd_desc.o(i.USBD_FS_ConfigStrDescriptor) refers to usbd_desc.o(.bss) for .bss
    usbd_desc.o(i.USBD_FS_DeviceDescriptor) refers to usbd_desc.o(.data) for .data
    usbd_desc.o(i.USBD_FS_InterfaceStrDescriptor) refers to usbd_ctlreq.o(i.USBD_GetString) for USBD_GetString
    usbd_desc.o(i.USBD_FS_InterfaceStrDescriptor) refers to usbd_desc.o(.bss) for .bss
    usbd_desc.o(i.USBD_FS_LangIDStrDescriptor) refers to usbd_desc.o(.data) for .data
    usbd_desc.o(i.USBD_FS_ManufacturerStrDescriptor) refers to usbd_ctlreq.o(i.USBD_GetString) for USBD_GetString
    usbd_desc.o(i.USBD_FS_ManufacturerStrDescriptor) refers to usbd_desc.o(.bss) for .bss
    usbd_desc.o(i.USBD_FS_ProductStrDescriptor) refers to usbd_ctlreq.o(i.USBD_GetString) for USBD_GetString
    usbd_desc.o(i.USBD_FS_ProductStrDescriptor) refers to usbd_desc.o(.bss) for .bss
    usbd_desc.o(i.USBD_FS_SerialStrDescriptor) refers to usbd_desc.o(i.IntToUnicode) for IntToUnicode
    usbd_desc.o(i.USBD_FS_SerialStrDescriptor) refers to usbd_desc.o(.data) for .data
[...]
    _printf_p                                0x08000203   Thumb Code     0  _printf_p.o(.ARM.Collect$$_printf_percent$$00000002)
    _printf_f                                0x08000209   Thumb Code     0  _printf_f.o(.ARM.Collect$$_printf_percent$$00000003)
    _printf_e                                0x0800020f   Thumb Code     0  _printf_e.o(.ARM.Collect$$_printf_percent$$00000004)
    _printf_g                                0x08000215   Thumb Code     0  _printf_g.o(.ARM.Collect$$_printf_percent$$00000005)
    _printf_a                                0x0800021b   Thumb Code     0  _printf_a.o(.ARM.Collect$$_printf_percent$$00000006)
    _printf_ll                               0x08000221   Thumb Code     0  _printf_ll.o(.ARM.Collect$$_printf_percent$$00000007)
    _printf_i                                0x0800022b   Thumb Code     0  _printf_i.o(.ARM.Collect$$_printf_percent$$00000008)
    _printf_d                                0x08000231   Thumb Code     0  _printf_d.o(.ARM.Collect$$_printf_percent$$00000009)
    _printf_u                                0x08000237   Thumb Code     0  _printf_u.o(.ARM.Collect$$_printf_percent$$0000000A)
    _printf_o                                0x0800023d   Thumb Code     0  _printf_o.o(.ARM.Collect$$_printf_percent$$0000000B)
    _printf_x                                0x08000243   Thumb Code     0  _printf_x.o(.ARM.Collect$$_printf_percent$$0000000C)
    _printf_lli                              0x08000249   Thumb Code     0  _printf_lli.o(.ARM.Collect$$_printf_percent$$0000000D)
    _printf_lld                              0x0800024f   Thumb Code     0  _printf_lld.o(.ARM.Collect$$_printf_percent$$0000000E)
    _printf_llu                              0x08000255   Thumb Code     0  _printf_llu.o(.ARM.Collect$$_printf_percent$$0000000F)
    _printf_llo                              0x0800025b   Thumb Code     0  _printf_llo.o(.ARM.Collect$$_printf_percent$$00000010)
    _printf_llx                              0x08000261   Thumb Code     0  _printf_llx.o(.ARM.Collect$$_printf_percent$$00000011)
    _printf_l                                0x08000267   Thumb Code     0  _printf_l.o(.ARM.Collect$$_printf_percent$$00000012)
    _printf_c                                0x08000271   Thumb Code     0  _printf_c.o(.ARM.Collect$$_printf_percent$$00000013)
    _printf_s                                0x08000277   Thumb Code     0  _printf_s.o(.ARM.Collect$$_printf_percent$$00000014)
    _printf_lc                               0x0800027d   Thumb Code     0  _printf_lc.o(.ARM.Collect$$_printf_percent$$00000015)
    _printf_ls                               0x08000283   Thumb Code     0  _printf_ls.o(.ARM.Collect$$_printf_percent$$00000016)
    _printf_percent_end                      0x08000289   Thumb Code     0  _printf_percent_end.o(.ARM.Collect$$_printf_percent$$00000017)
    __rt_lib_init                            0x0800028d   Thumb Code     0  libinit.o(.ARM.Collect$$libinit$$00000000)
    __rt_lib_init_fp_1                       0x0800028f   Thumb Code     0  libinit2.o(.ARM.Collect$$libinit$$00000001)
    __rt_lib_init_heap_1                     0x08000293   Thumb Code     0  libinit2.o(.ARM.Collect$$libinit$$0000000A)
    __rt_lib_init_lc_common                  0x08000293   Thumb Code     0  libinit2.o(.ARM.Collect$$libinit$$0000000F)
    __rt_lib_init_preinit_1                  0x08000293   Thumb Code     0  libinit2.o(.ARM.Collect$$libinit$$00000004)
    __rt_lib_init_rand_1                     0x08000293   Thumb Code     0  libinit2.o(.ARM.Collect$$libinit$$0000000E)
    __rt_lib_init_user_alloc_1               0x08000293   Thumb Code     0  libinit2.o(.ARM.Collect$$libinit$$0000000C)
    __rt_lib_init_lc_collate_1               0x08000299   Thumb Code     0  libinit2.o(.ARM.Collect$$libinit$$00000011)
    __rt_lib_init_lc_ctype_2                 0x08000299   Thumb Code     0  libinit2.o(.ARM.Collect$$libinit$$00000012)
    __rt_lib_init_lc_ctype_1                 0x080002a5   Thumb Code     0  libinit2.o(.ARM.Collect$$libinit$$00000013)
    __rt_lib_init_lc_monetary_1              0x080002a5   Thumb Code     0  libinit2.o(.ARM.Collect$$libinit$$00000015)
    __rt_lib_init_lc_numeric_2               0x080002a5   Thumb Code     0  libinit2.o(.ARM.Collect$$libinit$$00000016)
    __rt_lib_init_alloca_1                   0x080002af   Thumb Code     0  libinit2.o(.ARM.Collect$$libinit$$0000002E)
    __rt_lib_init_argv_1                     0x080002af   Thumb Code     0  libinit2.o(.ARM.Collect$$libinit$$0000002C)
    __rt_lib_init_atexit_1                   0x080002af   Thumb Code     0  libinit2.o(.ARM.Collect$$libinit$$0000001B)
    __rt_lib_init_clock_1                    0x080002af   Thumb Code     0  libinit2.o(.ARM.Collect$$libinit$$00000021)
    __rt_lib_init_cpp_1                      0x080002af   Thumb Code     0  libinit2.o(.ARM.Collect$$libinit$$00000032)
    __rt_lib_init_exceptions_1               0x080002af   Thumb Code     0  libinit2.o(.ARM.Collect$$libinit$$00000030)
    __rt_lib_init_fp_trap_1                  0x080002af   Thumb Code     0  libinit2.o(.ARM.Collect$$libinit$$0000001F)
    __rt_lib_init_getenv_1                   0x080002af   Thumb Code     0  libinit2.o(.ARM.Collect$$libinit$$00000023)
    __rt_lib_init_lc_numeric_1               0x080002af   Thumb Code     0  libinit2.o(.ARM.Collect$$libinit$$00000017)
    __rt_lib_init_lc_time_1                  0x080002af   Thumb Code     0  libinit2.o(.ARM.Collect$$libinit$$00000019)
    __rt_lib_init_return                     0x080002af   Thumb Code     0  libinit2.o(.ARM.Collect$$libinit$$00000033)
    __rt_lib_init_signal_1                   0x080002af   Thumb Code     0  libinit2.o(.ARM.Collect$$libinit$$0000001D)
    __rt_lib_init_stdio_1                    0x080002af   Thumb Code     0  libinit2.o(.ARM.Collect$$libinit$$00000025)
    __rt_lib_shutdown                        0x080002b1   Thumb Code     0  libshutdown.o(.ARM.Collect$$libshutdown$$00000000)
    __rt_lib_shutdown_cpp_1                  0x080002b3   Thumb Code     0  libshutdown2.o(.ARM.Collect$$libshutdown$$00000004)
    __rt_lib_shutdown_fini_1                 0x080002b3   Thumb Code     0  libshutdown2.o(.ARM.Collect$$libshutdown$$00000002)
    __rt_lib_shutdown_fp_trap_1              0x080002b3   Thumb Code     0  libshutdown2.o(.ARM.Collect$$libshutdown$$00000009)
    __rt_lib_shutdown_heap_1                 0x080002b3   Thumb Code     0  libshutdown2.o(.ARM.Collect$$libshutdown$$00000011)
    __rt_lib_shutdown_return                 0x080002b3   Thumb Code     0  libshutdown2.o(.ARM.Collect$$libshutdown$$00000012)
    __rt_lib_shutdown_signal_1               0x080002b3   Thumb Code     0  libshutdown2.o(.ARM.Collect$$libshutdown$$0000000C)
    __rt_lib_shutdown_stdio_1                0x080002b3   Thumb Code     0  libshutdown2.o(.ARM.Collect$$libshutdown$$00000006)
    __rt_lib_shutdown_user_alloc_1           0x080002b3   Thumb Code     0  libshutdown2.o(.ARM.Collect$$libshutdown$$0000000E)
    __rt_entry                               0x080002b5   Thumb Code     0  __rtentry.o(.ARM.Collect$$rtentry$$00000000)
    __rt_entry_presh_1                       0x080002b5   Thumb Code     0  __rtentry2.o(.ARM.Collect$$rtentry$$00000002)
    __rt_entry_sh                            0x080002b5   Thumb Code     0  __rtentry4.o(.ARM.Collect$$rtentry$$00000004)
    __rt_entry_li                            0x080002bb   Thumb Code     0  __rtentry2.o(.ARM.Collect$$rtentry$$0000000A)
    __rt_entry_postsh_1                      0x080002bb   Thumb Code     0  __rtentry2.o(.ARM.Collect$$rtentry$$00000009)
    __rt_entry_main                          0x080002bf   Thumb Code     0  __rtentry2.o(.ARM.Collect$$rtentry$$0000000D)
    __rt_entry_postli_1                      0x080002bf   Thumb Code     0  __rtentry2.o(.ARM.Collect$$rtentry$$0000000C)
    __rt_exit                                0x080002c7   Thumb Code     0  rtexit.o(.ARM.Collect$$rtexit$$00000000)
    __rt_exit_ls                             0x080002c9   Thumb Code     0  rtexit2.o(.ARM.Collect$$rtexit$$00000003)
    __rt_exit_prels_1                        0x080002c9   Thumb Code     0  rtexit2.o(.ARM.Collect$$rtexit$$00000002)
    __rt_exit_exit                           0x080002cd   Thumb Code     0  rtexit2.o(.ARM.Collect$$rtexit$$00000004)
    Reset_Handler                            0x080002d5   Thumb Code     8  startup_stm32f407xx.o(.text)
    ADC_IRQHandler                           0x080002ef   Thumb Code     0  startup_stm32f407xx.o(.text)
    CAN1_RX0_IRQHandler                      0x080002ef   Thumb Code     0  startup_stm32f407xx.o(.text)
    CAN1_RX1_IRQHandler                      0x080002ef   Thumb Code     0  startup_stm32f407xx.o(.text)
    CAN1_SCE_IRQHandler                      0x080002ef   Thumb Code     0  startup_stm32f407xx.o(.text)
    CAN1_TX_IRQHandler                       0x080002ef   Thumb Code     0  startup_stm32f407xx.o(.text)
    CAN2_RX0_IRQHandler                      0x080002ef   Thumb Code     0  startup_stm32f407xx.o(.text)
    CAN2_RX1_IRQHandler                      0x080002ef   Thumb Code     0  startup_stm32f407xx.o(.text)
    CAN2_SCE_IRQHandler                      0x080002ef   Thumb Code     0  startup_stm32f407xx.o(.text)
    CAN2_TX_IRQHandler                       0x080002ef   Thumb Code     0  startup_stm32f407xx.o(.text)
    DCMI_IRQHandler                          0x080002ef   Thumb Code     0  startup_stm32f407xx.o(.text)
    DMA1_Stream0_IRQHandler                  0x080002ef   Thumb Code     0  startup_stm32f407xx.o(.text)
    DMA1_Stream1_IRQHandler                  0x080002ef   Thumb Code     0  startup_stm32f407xx.o(.text)
    DMA1_Stream2_IRQHandler                  0x080002ef   Thumb Code     0  startup_stm32f407xx.o(.text)
    DMA1_Stream3_IRQHandler                  0x080002ef   Thumb Code     0  startup_stm32f407xx.o(.text)
    DMA1_Stream4_IRQHandler                  0x080002ef   Thumb Code     0  startup_stm32f407xx.o(.text)
    DMA1_Stream5_IRQHandler                  0x080002ef   Thumb Code     0  startup_stm32f407xx.o(.text)
    DMA1_Stream6_IRQHandler                  0x080002ef   Thumb Code     0  startup_stm32f407xx.o(.text)
    DMA1_Stream7_IRQHandler                  0x080002ef   Thumb Code     0  startup_stm32f407xx.o(.text)
    DMA2_Stream0_IRQHandler                  0x080002ef   Thumb Code     0  startup_stm32f407xx.o(.text)
    DMA2_Stream1_IRQHandler                  0x080002ef   Thumb Code     0  startup_stm32f407xx.o(.text)
    DMA2_Stream2_IRQHandler                  0x080002ef   Thumb Code     0  startup_stm32f407xx.o(.text)
    DMA2_Stream3_IRQHandler                  0x080002ef   Thumb Code     0  startup_stm32f407xx.o(.text)
    DMA2_Stream4_IRQHandler                  0x080002ef   Thumb Code     0  startup_stm32f407xx.o(.text)
    DMA2_Stream5_IRQHandler                  0x080002ef   Thumb Code     0  startup_stm32f407xx.o(.text)
    DMA2_Stream6_IRQHandler                  0x080002ef   Thumb Code     0  startup_stm32f407xx.o(.text)
    DMA2_Stream7_IRQHandler                  0x080002ef   Thumb Code     0  startup_stm32f407xx.o(.text)
    ETH_IRQHandler                           0x080002ef   Thumb Code     0  startup_stm32f407xx.o(.text)
    ETH_WKUP_IRQHandler                      0x080002ef   Thumb Code     0  startup_stm32f407xx.o(.text)
    EXTI0_IRQHandler                         0x080002ef   Thumb Code     0  startup_stm32f407xx.o(.text)
    EXTI15_10_IRQHandler                     0x080002ef   Thumb Code     0  startup_stm32f407xx.o(.text)
    EXTI1_IRQHandler                         0x080002ef   Thumb Code     0  startup_stm32f407xx.o(.text)
    EXTI2_IRQHandler                         0x080002ef   Thumb Code     0  startup_stm32f407xx.o(.text)
    EXTI3_IRQHandler                         0x080002ef   Thumb Code     0  startup_stm32f407xx.o(.text)
    EXTI4_IRQHandler                         0x080002ef   Thumb Code     0  startup_stm32f407xx.o(.text)
    EXTI9_5_IRQHandler                       0x080002ef   Thumb Code     0  startup_stm32f407xx.o(.text)
    FLASH_IRQHandler                         0x080002ef   Thumb Code     0  startup_stm32f407xx.o(.text)
    FMC_IRQHandler                           0x080002ef   Thumb Code     0  startup_stm32f407xx.o(.text)
    FPU_IRQHandler                           0x080002ef   Thumb Code     0  startup_stm32f407xx.o(.text)
    HASH_RNG_IRQHandler                      0x080002ef   Thumb Code     0  startup_stm32f407xx.o(.text)
    I2C1_ER_IRQHandler                       0x080002ef   Thumb Code     0  startup_stm32f407xx.o(.text)
    I2C1_EV_IRQHandler                       0x080002ef   Thumb Code     0  startup_stm32f407xx.o(.text)
    I2C2_ER_IRQHandler                       0x080002ef   Thumb Code     0  startup_stm32f407xx.o(.text)
    I2C2_EV_IRQHandler                       0x080002ef   Thumb Code     0  startup_stm32f407xx.o(.text)
    I2C3_ER_IRQHandler                       0x080002ef   Thumb Code     0  startup_stm32f407xx.o(.text)
    I2C3_EV_IRQHandler                       0x080002ef   Thumb Code     0  startup_stm32f407xx.o(.text)
    OTG_FS_WKUP_IRQHandler                   0x080002ef   Thumb Code     0  startup_stm32f407xx.o(.text)
    OTG_HS_EP1_IN_IRQHandler                 0x080002ef   Thumb Code     0  startup_stm32f407xx.o(.text)
    OTG_HS_EP1_OUT_IRQHandler                0x080002ef   Thumb Code     0  startup_stm32f407xx.o(.text)
    OTG_HS_IRQHandler                        0x080002ef   Thumb Code     0  startup_stm32f407xx.o(.text)
    OTG_HS_WKUP_IRQHandler                   0x080002ef   Thumb Code     0  startup_stm32f407xx.o(.text)
    PVD_IRQHandler                           0x080002ef   Thumb Code     0  startup_stm32f407xx.o(.text)
    RCC_IRQHandler                           0x080002ef   Thumb Code     0  startup_stm32f407xx.o(.text)
    RTC_Alarm_IRQHandler                     0x080002ef   Thumb Code     0  startup_stm32f407xx.o(.text)
    RTC_WKUP_IRQHandler                      0x080002ef   Thumb Code     0  startup_stm32f407xx.o(.text)
    SDIO_IRQHandler                          0x080002ef   Thumb Code     0  startup_stm32f407xx.o(.text)
    SPI1_IRQHandler                          0x080002ef   Thumb Code     0  startup_stm32f407xx.o(.text)
    SPI2_IRQHandler                          0x080002ef   Thumb Code     0  startup_stm32f407xx.o(.text)
    SPI3_IRQHandler                          0x080002ef   Thumb Code     0  startup_stm32f407xx.o(.text)
    TAMP_STAMP_IRQHandler                    0x080002ef   Thumb Code     0  startup_stm32f407xx.o(.text)
    TIM1_BRK_TIM9_IRQHandler                 0x080002ef   Thumb Code     0  startup_stm32f407xx.o(.text)
    TIM1_CC_IRQHandler                       0x080002ef   Thumb Code     0  startup_stm32f407xx.o(.text)
    TIM1_TRG_COM_TIM11_IRQHandler            0x080002ef   Thumb Code     0  startup_stm32f407xx.o(.text)
    TIM1_UP_TIM10_IRQHandler                 0x080002ef   Thumb Code     0  startup_stm32f407xx.o(.text)
    TIM2_IRQHandler                          0x080002ef   Thumb Code     0  startup_stm32f407xx.o(.text)
    TIM3_IRQHandler                          0x080002ef   Thumb Code     0  startup_stm32f407xx.o(.text)
    TIM4_IRQHandler                          0x080002ef   Thumb Code     0  startup_stm32f407xx.o(.text)
    TIM5_IRQHandler                          0x080002ef   Thumb Code     0  startup_stm32f407xx.o(.text)
    TIM6_DAC_IRQHandler                      0x080002ef   Thumb Code     0  startup_stm32f407xx.o(.text)
    TIM7_IRQHandler                          0x080002ef   Thumb Code     0  startup_stm32f407xx.o(.text)
    TIM8_BRK_TIM12_IRQHandler                0x080002ef   Thumb Code     0  startup_stm32f407xx.o(.text)
    TIM8_CC_IRQHandler                       0x080002ef   Thumb Code     0  startup_stm32f407xx.o(.text)
    TIM8_TRG_COM_TIM14_IRQHandler            0x080002ef   Thumb Code     0  startup_stm32f407xx.o(.text)
    TIM8_UP_TIM13_IRQHandler                 0x080002ef   Thumb Code     0  startup_stm32f407xx.o(.text)
    UART4_IRQHandler                         0x080002ef   Thumb Code     0  startup_stm32f407xx.o(.text)
    UART5_IRQHandler                         0x080002ef   Thumb Code     0  startup_stm32f407xx.o(.text)
    USART1_IRQHandler                        0x080002ef   Thumb Code     0  startup_stm32f407xx.o(.text)
    USART2_IRQHandler                        0x080002ef   Thumb Code     0  startup_stm32f407xx.o(.text)
    USART3_IRQHandler                        0x080002ef   Thumb Code     0  startup_stm32f407xx.o(.text)
    USART6_IRQHandler                        0x080002ef   Thumb Code     0  startup_stm32f407xx.o(.text)
    WWDG_IRQHandler                          0x080002ef   Thumb Code     0  startup_stm32f407xx.o(.text)
    __user_initial_stackheap                 0x080002f1   Thumb Code     0  startup_stm32f407xx.o(.text)
    __aeabi_uldivmod                         0x08000315   Thumb Code     0  lludivv7m.o(.text)
    _ll_udiv                                 0x08000315   Thumb Code   238  lludivv7m.o(.text)
    vsnprintf                                0x08000405   Thumb Code    48  vsnprintf.o(.text)
    __aeabi_memcpy                           0x08000439   Thumb Code     0  rt_memcpy_v6.o(.text)
    __rt_memcpy                              0x08000439   Thumb Code   138  rt_memcpy_v6.o(.text)
    _memcpy_lastbytes                        0x0800049f   Thumb Code     0  rt_memcpy_v6.o(.text)
    __aeabi_memclr4                          0x080004c3   Thumb Code     0  rt_memclr_w.o(.text)
    __aeabi_memclr8                          0x080004c3   Thumb Code     0  rt_memclr_w.o(.text)
    __rt_memclr_w                            0x080004c3   Thumb Code    78  rt_memclr_w.o(.text)
    _memset_w                                0x080004c7   Thumb Code     0  rt_memclr_w.o(.text)
    __use_two_region_memory                  0x08000511   Thumb Code     2  heapauxi.o(.text)
    __rt_heap_escrow$2region                 0x08000513   Thumb Code     2  heapauxi.o(.text)
    __rt_heap_expand$2region                 0x08000515   Thumb Code     2  heapauxi.o(.text)
    _printf_pre_padding                      0x08000517   Thumb Code    44  _printf_pad.o(.text)
    _printf_post_padding                     0x08000543   Thumb Code    34  _printf_pad.o(.text)
    _printf_truncate_signed                  0x08000565   Thumb Code    18  _printf_truncate.o(.text)
    _printf_truncate_unsigned                0x08000577   Thumb Code    18  _printf_truncate.o(.text)
    _printf_str                              0x08000589   Thumb Code    82  _printf_str.o(.text)
    _printf_int_dec                          0x080005dd   Thumb Code   104  _printf_dec.o(.text)
    _printf_charcount                        0x08000655   Thumb Code    40  _printf_charcount.o(.text)
    _printf_char_common                      0x08000687   Thumb Code    32  _printf_char_common.o(.text)
    _sputc                                   0x080006ad   Thumb Code    10  _sputc.o(.text)
    _snputc                                  0x080006b7   Thumb Code    16  _snputc.o(.text)
    _printf_wctomb                           0x080006c9   Thumb Code   182  _printf_wctomb.o(.text)
    _printf_longlong_dec                     0x08000785   Thumb Code   108  _printf_longlong_dec.o(.text)
    _printf_longlong_oct                     0x08000801   Thumb Code    66  _printf_oct_int_ll.o(.text)
    _printf_int_oct                          0x08000843   Thumb Code    24  _printf_oct_int_ll.o(.text)
    _printf_ll_oct                           0x0800085b   Thumb Code    12  _printf_oct_int_ll.o(.text)
    _printf_longlong_hex                     0x08000871   Thumb Code    86  _printf_hex_int_ll_ptr.o(.text)
    _printf_int_hex                          0x080008c7   Thumb Code    28  _printf_hex_int_ll_ptr.o(.text)
    _printf_ll_hex                           0x080008e3   Thumb Code    12  _printf_hex_int_ll_ptr.o(.text)
    _printf_hex_ptr                          0x080008ef   Thumb Code    18  _printf_hex_int_ll_ptr.o(.text)
    __printf                                 0x08000905   Thumb Code   388  __printf_flags_ss_wp.o(.text)
    __aeabi_memcpy4                          0x08000a8d   Thumb Code     0  rt_memcpy_w.o(.text)
    __aeabi_memcpy8                          0x08000a8d   Thumb Code     0  rt_memcpy_w.o(.text)
    __rt_memcpy_w                            0x08000a8d   Thumb Code   100  rt_memcpy_w.o(.text)
    _memcpy_lastbytes_aligned                0x08000ad5   Thumb Code     0  rt_memcpy_w.o(.text)
    _ll_udiv10                               0x08000af1   Thumb Code   138  lludiv10.o(.text)
    _printf_int_common                       0x08000b7b   Thumb Code   178  _printf_intcommon.o(.text)
    __lib_sel_fp_printf                      0x08000c2d   Thumb Code     2  _printf_fp_dec.o(.text)
    _printf_fp_dec_real                      0x08000ddf   Thumb Code   620  _printf_fp_dec.o(.text)
    _printf_fp_hex_real                      0x0800104d   Thumb Code   756  _printf_fp_hex.o(.text)
    _printf_cs_common                        0x08001349   Thumb Code    20  _printf_char.o(.text)
    _printf_char                             0x0800135d   Thumb Code    16  _printf_char.o(.text)
    _printf_string                           0x0800136d   Thumb Code     8  _printf_char.o(.text)
    _printf_lcs_common                       0x08001375   Thumb Code    20  _printf_wchar.o(.text)
    _printf_wchar                            0x08001389   Thumb Code    16  _printf_wchar.o(.text)
    _printf_wstring                          0x08001399   Thumb Code     8  _printf_wchar.o(.text)
    _wcrtomb                                 0x080013a1   Thumb Code    64  _wcrtomb.o(.text)
    __user_setup_stackheap                   0x080013e1   Thumb Code    74  sys_stackheap_outer.o(.text)
    __rt_ctype_table                         0x0800142d   Thumb Code    16  rt_ctype_table.o(.text)
    __rt_locale                              0x0800143d   Thumb Code     8  rt_locale_intlibspace.o(.text)
    _printf_fp_infnan                        0x08001445   Thumb Code   112  _printf_fp_infnan.o(.text)
    _btod_etento                             0x080014c5   Thumb Code   224  bigflt0.o(.text)
    exit                                     0x080015a9   Thumb Code    18  exit.o(.text)
    __user_libspace                          0x080015bd   Thumb Code     8  libspace.o(.text)
    __user_perproc_libspace                  0x080015bd   Thumb Code     0  libspace.o(.text)
    __user_perthread_libspace                0x080015bd   Thumb Code     0  libspace.o(.text)
    strcmp                                   0x080015c5   Thumb Code   128  strcmpv7m.o(.text)
    _sys_exit                                0x08001645   Thumb Code     8  sys_exit.o(.text)
    __I$use$semihosting                      0x08001651   Thumb Code     0  use_no_semi.o(.text)
    __use_no_semihosting_swi                 0x08001651   Thumb Code     2  use_no_semi.o(.text)
    __semihosting_library_function           0x08001653   Thumb Code     0  indicate_semi.o(.text)
    _btod_d2e                                0x08001653   Thumb Code    62  btod.o(CL$$btod_d2e)
    _d2e_denorm_low                          0x08001691   Thumb Code    70  btod.o(CL$$btod_d2e_denorm_low)
    _d2e_norm_op1                            0x080016d7   Thumb Code    96  btod.o(CL$$btod_d2e_norm_op1)
    __btod_div_common                        0x08001737   Thumb Code   696  btod.o(CL$$btod_div_common)
    _e2e                                     0x08001a6f   Thumb Code   220  btod.o(CL$$btod_e2e)
    _btod_ediv                               0x08001b4b   Thumb Code    42  btod.o(CL$$btod_ediv)
    _btod_emul                               0x08001b75   Thumb Code    42  btod.o(CL$$btod_emul)
    __btod_mult_common                       0x08001b9f   Thumb Code   580  btod.o(CL$$btod_mult_common)
    BusFault_Handler                         0x08001de3   Thumb Code     2  stm32f4xx_it.o(i.BusFault_Handler)
    CDC_Transmit_FS                          0x08001ef9   Thumb Code    38  usbd_cdc_if.o(i.CDC_Transmit_FS)
    Crc8Vertify                              0x08001f25   Thumb Code    42  usb_tasks.o(i.Crc8Vertify)
    DebugMon_Handler                         0x08001f4f   Thumb Code     2  stm32f4xx_it.o(i.DebugMon_Handler)
    Error_Handler                            0x08001f51   Thumb Code     4  main.o(i.Error_Handler)
    HAL_Delay                                0x08001f55   Thumb Code    32  stm32f4xx_hal.o(i.HAL_Delay)
    HAL_GPIO_Init                            0x08001f79   Thumb Code   450  stm32f4xx_hal_gpio.o(i.HAL_GPIO_Init)
    HAL_GetTick                              0x08002169   Thumb Code     6  stm32f4xx_hal.o(i.HAL_GetTick)
    HAL_IncTick                              0x08002175   Thumb Code    12  stm32f4xx_hal.o(i.HAL_IncTick)
    HAL_Init                                 0x08002185   Thumb Code    48  stm32f4xx_hal.o(i.HAL_Init)
    HAL_InitTick                             0x080021b9   Thumb Code    54  stm32f4xx_hal.o(i.HAL_InitTick)
    HAL_MspInit                              0x080021f9   Thumb Code    42  stm32f4xx_hal_msp.o(i.HAL_MspInit)
    HAL_NVIC_EnableIRQ                       0x08002229   Thumb Code    26  stm32f4xx_hal_cortex.o(i.HAL_NVIC_EnableIRQ)
    HAL_NVIC_SetPriority                     0x08002245   Thumb Code    60  stm32f4xx_hal_cortex.o(i.HAL_NVIC_SetPriority)
    HAL_NVIC_SetPriorityGrouping             0x08002285   Thumb Code    26  stm32f4xx_hal_cortex.o(i.HAL_NVIC_SetPriorityGrouping)
    HAL_PCDEx_LPM_Callback                   0x080022a9   Thumb Code     2  stm32f4xx_hal_pcd_ex.o(i.HAL_PCDEx_LPM_Callback)
    HAL_PCDEx_SetRxFiFo                      0x080022ab   Thumb Code     8  stm32f4xx_hal_pcd_ex.o(i.HAL_PCDEx_SetRxFiFo)
    HAL_PCDEx_SetTxFiFo                      0x080022b3   Thumb Code    68  stm32f4xx_hal_pcd_ex.o(i.HAL_PCDEx_SetTxFiFo)
    HAL_PCD_ConnectCallback                  0x080022f7   Thumb Code     8  usbd_conf.o(i.HAL_PCD_ConnectCallback)
    HAL_PCD_DataInStageCallback              0x080022ff   Thumb Code    18  usbd_conf.o(i.HAL_PCD_DataInStageCallback)
    HAL_PCD_DataOutStageCallback             0x08002311   Thumb Code    20  usbd_conf.o(i.HAL_PCD_DataOutStageCallback)
    HAL_PCD_DisconnectCallback               0x08002325   Thumb Code     8  usbd_conf.o(i.HAL_PCD_DisconnectCallback)
    HAL_PCD_EP_Abort                         0x0800232d   Thumb Code    30  stm32f4xx_hal_pcd.o(i.HAL_PCD_EP_Abort)
    HAL_PCD_EP_Close                         0x0800234b   Thumb Code    74  stm32f4xx_hal_pcd.o(i.HAL_PCD_EP_Close)
    HAL_PCD_EP_ClrStall                      0x08002395   Thumb Code    90  stm32f4xx_hal_pcd.o(i.HAL_PCD_EP_ClrStall)
    HAL_PCD_EP_GetRxCount                    0x080023ef   Thumb Code    18  stm32f4xx_hal_pcd.o(i.HAL_PCD_EP_GetRxCount)
    HAL_PCD_EP_Open                          0x08002401   Thumb Code    98  stm32f4xx_hal_pcd.o(i.HAL_PCD_EP_Open)
    HAL_PCD_EP_Receive                       0x08002463   Thumb Code    56  stm32f4xx_hal_pcd.o(i.HAL_PCD_EP_Receive)
    HAL_PCD_EP_SetStall                      0x0800249b   Thumb Code   114  stm32f4xx_hal_pcd.o(i.HAL_PCD_EP_SetStall)
    HAL_PCD_EP_Transmit                      0x0800250d   Thumb Code    50  stm32f4xx_hal_pcd.o(i.HAL_PCD_EP_Transmit)
    HAL_PCD_IRQHandler                       0x08002541   Thumb Code  1372  stm32f4xx_hal_pcd.o(i.HAL_PCD_IRQHandler)
    HAL_PCD_ISOINIncompleteCallback          0x08002a9d   Thumb Code     8  usbd_conf.o(i.HAL_PCD_ISOINIncompleteCallback)
    HAL_PCD_ISOOUTIncompleteCallback         0x08002aa5   Thumb Code     8  usbd_conf.o(i.HAL_PCD_ISOOUTIncompleteCallback)
    HAL_PCD_Init                             0x08002aad   Thumb Code   204  stm32f4xx_hal_pcd.o(i.HAL_PCD_Init)
    HAL_PCD_MspInit                          0x08002b79   Thumb Code   122  usbd_conf.o(i.HAL_PCD_MspInit)
    HAL_PCD_ResetCallback                    0x08002bfd   Thumb Code    44  usbd_conf.o(i.HAL_PCD_ResetCallback)
    HAL_PCD_ResumeCallback                   0x08002c29   Thumb Code     8  usbd_conf.o(i.HAL_PCD_ResumeCallback)
    HAL_PCD_SOFCallback                      0x08002c31   Thumb Code     8  usbd_conf.o(i.HAL_PCD_SOFCallback)
    HAL_PCD_SetAddress                       0x08002c39   Thumb Code    38  stm32f4xx_hal_pcd.o(i.HAL_PCD_SetAddress)
    HAL_PCD_SetupStageCallback               0x08002c5f   Thumb Code    14  usbd_conf.o(i.HAL_PCD_SetupStageCallback)
    HAL_PCD_Start                            0x08002c6d   Thumb Code    66  stm32f4xx_hal_pcd.o(i.HAL_PCD_Start)
    HAL_PCD_SuspendCallback                  0x08002cb1   Thumb Code    44  usbd_conf.o(i.HAL_PCD_SuspendCallback)
    HAL_RCC_ClockConfig                      0x08002ce1   Thumb Code   288  stm32f4xx_hal_rcc.o(i.HAL_RCC_ClockConfig)
    HAL_RCC_GetHCLKFreq                      0x08002e15   Thumb Code     6  stm32f4xx_hal_rcc.o(i.HAL_RCC_GetHCLKFreq)
    HAL_RCC_GetSysClockFreq                  0x08002e21   Thumb Code    88  stm32f4xx_hal_rcc.o(i.HAL_RCC_GetSysClockFreq)
    HAL_RCC_OscConfig                        0x08002e85   Thumb Code   856  stm32f4xx_hal_rcc.o(i.HAL_RCC_OscConfig)
    HAL_SYSTICK_Config                       0x080031f1   Thumb Code    40  stm32f4xx_hal_cortex.o(i.HAL_SYSTICK_Config)
    HardFault_Handler                        0x08003219   Thumb Code     2  stm32f4xx_it.o(i.HardFault_Handler)
    MX_GPIO_Init                             0x08003255   Thumb Code    38  gpio.o(i.MX_GPIO_Init)
    MX_USB_DEVICE_Init                       0x08003281   Thumb Code    66  usb_device.o(i.MX_USB_DEVICE_Init)
    MemManage_Handler                        0x080032d5   Thumb Code     2  stm32f4xx_it.o(i.MemManage_Handler)
    NMI_Handler                              0x080032d7   Thumb Code     2  stm32f4xx_it.o(i.NMI_Handler)
    OTG_FS_IRQHandler                        0x080032d9   Thumb Code     6  stm32f4xx_it.o(i.OTG_FS_IRQHandler)
    PendSV_Handler                           0x08003453   Thumb Code     2  stm32f4xx_it.o(i.PendSV_Handler)
    SVC_Handler                              0x08003455   Thumb Code     2  stm32f4xx_it.o(i.SVC_Handler)
    SysTick_Handler                          0x08003461   Thumb Code     4  stm32f4xx_it.o(i.SysTick_Handler)
    SystemClock_Config                       0x08003465   Thumb Code   140  main.o(i.SystemClock_Config)
    SystemInit                               0x080034f9   Thumb Code    12  system_stm32f4xx.o(i.SystemInit)
    USBD_CDC_GetDeviceQualifierDescriptor    0x08003685   Thumb Code     8  usbd_cdc.o(i.USBD_CDC_GetDeviceQualifierDescriptor)
    USBD_CDC_ReceivePacket                   0x08003861   Thumb Code    50  usbd_cdc.o(i.USBD_CDC_ReceivePacket)
    USBD_CDC_RegisterInterface               0x08003899   Thumb Code    22  usbd_cdc.o(i.USBD_CDC_RegisterInterface)
    USBD_CDC_SetRxBuffer                     0x080038af   Thumb Code    26  usbd_cdc.o(i.USBD_CDC_SetRxBuffer)
    USBD_CDC_SetTxBuffer                     0x080038c9   Thumb Code    30  usbd_cdc.o(i.USBD_CDC_SetTxBuffer)
    USBD_CDC_TransmitPacket                  0x080039bd   Thumb Code    76  usbd_cdc.o(i.USBD_CDC_TransmitPacket)
    USBD_ClrClassConfig                      0x08003a0d   Thumb Code    20  usbd_core.o(i.USBD_ClrClassConfig)
    USBD_CoreFindEP                          0x08003a21   Thumb Code     4  usbd_core.o(i.USBD_CoreFindEP)
    USBD_CoreFindIF                          0x08003a25   Thumb Code     4  usbd_core.o(i.USBD_CoreFindIF)
    USBD_CtlContinueRx                       0x08003a29   Thumb Code    16  usbd_ioreq.o(i.USBD_CtlContinueRx)
    USBD_CtlContinueSendData                 0x08003a39   Thumb Code    16  usbd_ioreq.o(i.USBD_CtlContinueSendData)
    USBD_CtlError                            0x08003a49   Thumb Code    22  usbd_ctlreq.o(i.USBD_CtlError)
    USBD_CtlPrepareRx                        0x08003a5f   Thumb Code    30  usbd_ioreq.o(i.USBD_CtlPrepareRx)
    USBD_CtlReceiveStatus                    0x08003a7d   Thumb Code    22  usbd_ioreq.o(i.USBD_CtlReceiveStatus)
    USBD_CtlSendData                         0x08003a93   Thumb Code    26  usbd_ioreq.o(i.USBD_CtlSendData)
    USBD_CtlSendStatus                       0x08003aad   Thumb Code    22  usbd_ioreq.o(i.USBD_CtlSendStatus)
    USBD_FS_ConfigStrDescriptor              0x08003ac5   Thumb Code    16  usbd_desc.o(i.USBD_FS_ConfigStrDescriptor)
    USBD_FS_DeviceDescriptor                 0x08003ae5   Thumb Code     8  usbd_desc.o(i.USBD_FS_DeviceDescriptor)
    USBD_FS_InterfaceStrDescriptor           0x08003af1   Thumb Code    16  usbd_desc.o(i.USBD_FS_InterfaceStrDescriptor)
    USBD_FS_LangIDStrDescriptor              0x08003b15   Thumb Code     8  usbd_desc.o(i.USBD_FS_LangIDStrDescriptor)
    USBD_FS_ManufacturerStrDescriptor        0x08003b21   Thumb Code    16  usbd_desc.o(i.USBD_FS_ManufacturerStrDescriptor)
    USBD_FS_ProductStrDescriptor             0x08003b49   Thumb Code    16  usbd_desc.o(i.USBD_FS_ProductStrDescriptor)
    USBD_FS_SerialStrDescriptor              0x08003b75   Thumb Code    48  usbd_desc.o(i.USBD_FS_SerialStrDescriptor)
    USBD_GetEpDesc                           0x08003c93   Thumb Code    58  usbd_core.o(i.USBD_GetEpDesc)
    USBD_GetNextDesc                         0x08003ce1   Thumb Code    14  usbd_core.o(i.USBD_GetNextDesc)
    USBD_GetString                           0x08003cef   Thumb Code    78  usbd_ctlreq.o(i.USBD_GetString)
    USBD_Get_USB_Status                      0x08003d3d   Thumb Code    24  usbd_conf.o(i.USBD_Get_USB_Status)
    USBD_Init                                0x08003d55   Thumb Code    38  usbd_core.o(i.USBD_Init)
    USBD_LL_ClearStallEP                     0x08003d7b   Thumb Code    18  usbd_conf.o(i.USBD_LL_ClearStallEP)
    USBD_LL_CloseEP                          0x08003d8d   Thumb Code    18  usbd_conf.o(i.USBD_LL_CloseEP)
    USBD_LL_DataInStage                      0x08003d9f   Thumb Code   182  usbd_core.o(i.USBD_LL_DataInStage)
    USBD_LL_DataOutStage                     0x08003e55   Thumb Code   142  usbd_core.o(i.USBD_LL_DataOutStage)
    USBD_LL_DevConnected                     0x08003ee3   Thumb Code     4  usbd_core.o(i.USBD_LL_DevConnected)
    USBD_LL_DevDisconnected                  0x08003ee7   Thumb Code    30  usbd_core.o(i.USBD_LL_DevDisconnected)
    USBD_LL_GetRxDataSize                    0x08003f05   Thumb Code     8  usbd_conf.o(i.USBD_LL_GetRxDataSize)
    USBD_LL_Init                             0x08003f0d   Thumb Code    90  usbd_conf.o(i.USBD_LL_Init)
    USBD_LL_IsStallEP                        0x08003f6d   Thumb Code    30  usbd_conf.o(i.USBD_LL_IsStallEP)
    USBD_LL_IsoINIncomplete                  0x08003f8b   Thumb Code    40  usbd_core.o(i.USBD_LL_IsoINIncomplete)
    USBD_LL_IsoOUTIncomplete                 0x08003fb3   Thumb Code    40  usbd_core.o(i.USBD_LL_IsoOUTIncomplete)
    USBD_LL_OpenEP                           0x08003fdb   Thumb Code    24  usbd_conf.o(i.USBD_LL_OpenEP)
    USBD_LL_PrepareReceive                   0x08003ff3   Thumb Code    18  usbd_conf.o(i.USBD_LL_PrepareReceive)
    USBD_LL_Reset                            0x08004005   Thumb Code    92  usbd_core.o(i.USBD_LL_Reset)
    USBD_LL_Resume                           0x08004061   Thumb Code    20  usbd_core.o(i.USBD_LL_Resume)
    USBD_LL_SOF                              0x08004075   Thumb Code    26  usbd_core.o(i.USBD_LL_SOF)
    USBD_LL_SetSpeed                         0x0800408f   Thumb Code     6  usbd_core.o(i.USBD_LL_SetSpeed)
    USBD_LL_SetUSBAddress                    0x08004095   Thumb Code    18  usbd_conf.o(i.USBD_LL_SetUSBAddress)
    USBD_LL_SetupStage                       0x080040a7   Thumb Code    96  usbd_core.o(i.USBD_LL_SetupStage)
    USBD_LL_StallEP                          0x08004107   Thumb Code    18  usbd_conf.o(i.USBD_LL_StallEP)
    USBD_LL_Start                            0x08004119   Thumb Code    18  usbd_conf.o(i.USBD_LL_Start)
    USBD_LL_Suspend                          0x0800412b   Thumb Code    26  usbd_core.o(i.USBD_LL_Suspend)
    USBD_LL_Transmit                         0x08004145   Thumb Code    18  usbd_conf.o(i.USBD_LL_Transmit)
    USBD_ParseSetupRequest                   0x08004157   Thumb Code    44  usbd_ctlreq.o(i.USBD_ParseSetupRequest)
    USBD_RegisterClass                       0x08004183   Thumb Code    58  usbd_core.o(i.USBD_RegisterClass)
    USBD_SetClassConfig                      0x080041bd   Thumb Code    20  usbd_core.o(i.USBD_SetClassConfig)
    USBD_Start                               0x08004289   Thumb Code     4  usbd_core.o(i.USBD_Start)
    USBD_StdDevReq                           0x0800428d   Thumb Code   300  usbd_ctlreq.o(i.USBD_StdDevReq)
    USBD_StdEPReq                            0x080043b9   Thumb Code   352  usbd_ctlreq.o(i.USBD_StdEPReq)
    USBD_StdItfReq                           0x08004519   Thumb Code   114  usbd_ctlreq.o(i.USBD_StdItfReq)
    USBD_static_free                         0x0800458b   Thumb Code     2  usbd_conf.o(i.USBD_static_free)
    USBD_static_malloc                       0x0800458d   Thumb Code     4  usbd_conf.o(i.USBD_static_malloc)
    USB_ActivateEndpoint                     0x08004595   Thumb Code   122  stm32f4xx_ll_usb.o(i.USB_ActivateEndpoint)
    USB_ActivateSetup                        0x08004615   Thumb Code    28  stm32f4xx_ll_usb.o(i.USB_ActivateSetup)
    USB_CoreInit                             0x08004631   Thumb Code   126  stm32f4xx_ll_usb.o(i.USB_CoreInit)
    USB_DeactivateEndpoint                   0x080046f1   Thumb Code   194  stm32f4xx_ll_usb.o(i.USB_DeactivateEndpoint)
    USB_DevConnect                           0x080047bd   Thumb Code    28  stm32f4xx_ll_usb.o(i.USB_DevConnect)
    USB_DevDisconnect                        0x080047d9   Thumb Code    28  stm32f4xx_ll_usb.o(i.USB_DevDisconnect)
    USB_DevInit                              0x080047f5   Thumb Code   370  stm32f4xx_ll_usb.o(i.USB_DevInit)
    USB_DisableGlobalInt                     0x08004971   Thumb Code    12  stm32f4xx_ll_usb.o(i.USB_DisableGlobalInt)
    USB_EP0_OutStart                         0x0800497d   Thumb Code    84  stm32f4xx_ll_usb.o(i.USB_EP0_OutStart)
    USB_EPClearStall                         0x080049d5   Thumb Code    88  stm32f4xx_ll_usb.o(i.USB_EPClearStall)
    USB_EPSetStall                           0x08004a2d   Thumb Code    88  stm32f4xx_ll_usb.o(i.USB_EPSetStall)
    USB_EPStartXfer                          0x08004a85   Thumb Code   562  stm32f4xx_ll_usb.o(i.USB_EPStartXfer)
    USB_EPStopXfer                           0x08004cbd   Thumb Code   158  stm32f4xx_ll_usb.o(i.USB_EPStopXfer)
    USB_EnableGlobalInt                      0x08004d5b   Thumb Code    12  stm32f4xx_ll_usb.o(i.USB_EnableGlobalInt)
    USB_FlushRxFifo                          0x08004d67   Thumb Code    56  stm32f4xx_ll_usb.o(i.USB_FlushRxFifo)
    USB_FlushTxFifo                          0x08004d9f   Thumb Code    60  stm32f4xx_ll_usb.o(i.USB_FlushTxFifo)
    USB_GetDevSpeed                          0x08004ddb   Thumb Code    26  stm32f4xx_ll_usb.o(i.USB_GetDevSpeed)
    USB_GetMode                              0x08004df5   Thumb Code     8  stm32f4xx_ll_usb.o(i.USB_GetMode)
    USB_ReadDevAllInEpInterrupt              0x08004dfd   Thumb Code    14  stm32f4xx_ll_usb.o(i.USB_ReadDevAllInEpInterrupt)
    USB_ReadDevAllOutEpInterrupt             0x08004e0b   Thumb Code    14  stm32f4xx_ll_usb.o(i.USB_ReadDevAllOutEpInterrupt)
    USB_ReadDevInEPInterrupt                 0x08004e19   Thumb Code    36  stm32f4xx_ll_usb.o(i.USB_ReadDevInEPInterrupt)
    USB_ReadDevOutEPInterrupt                0x08004e3d   Thumb Code    16  stm32f4xx_ll_usb.o(i.USB_ReadDevOutEPInterrupt)
    USB_ReadInterrupts                       0x08004e4d   Thumb Code     8  stm32f4xx_ll_usb.o(i.USB_ReadInterrupts)
    USB_ReadPacket                           0x08004e55   Thumb Code    62  stm32f4xx_ll_usb.o(i.USB_ReadPacket)
    USB_SetCurrentMode                       0x08004e93   Thumb Code    92  stm32f4xx_ll_usb.o(i.USB_SetCurrentMode)
    USB_SetDevAddress                        0x08004eef   Thumb Code    34  stm32f4xx_ll_usb.o(i.USB_SetDevAddress)
    USB_SetTurnaroundTime                    0x08004f11   Thumb Code   158  stm32f4xx_ll_usb.o(i.USB_SetTurnaroundTime)
    USB_WritePacket                          0x08004ff9   Thumb Code    40  stm32f4xx_ll_usb.o(i.USB_WritePacket)
    UsageFault_Handler                       0x08005021   Thumb Code     2  stm32f4xx_it.o(i.UsageFault_Handler)
    __ARM_fpclassify                         0x08005023   Thumb Code    48  fpclassify.o(i.__ARM_fpclassify)
    _is_digit                                0x08005073   Thumb Code    14  __printf_wp.o(i._is_digit)
    calculate_crc8                           0x08005081   Thumb Code    28  usb_tasks.o(i.calculate_crc8)
    main                                     0x080050a1   Thumb Code    18  main.o(i.main)
    usb_printf                               0x080050b5   Thumb Code    48  usb_tasks.o(i.usb_printf)
    _get_lc_numeric                          0x080050ed   Thumb Code    44  lc_numeric_c.o(locale$$code)
    _get_lc_ctype                            0x08005119   Thumb Code    44  lc_ctype_c.o(locale$$code)
    __fpl_dretinf                            0x08005145   Thumb Code    12  dretinf.o(x$fpl$dretinf)
    __aeabi_f2d                              0x08005151   Thumb Code     0  f2d.o(x$fpl$f2d)
    _f2d                                     0x08005151   Thumb Code    86  f2d.o(x$fpl$f2d)
    __fpl_fnaninf                            0x080051a7   Thumb Code   140  fnaninf.o(x$fpl$fnaninf)
    _fp_init                                 0x08005233   Thumb Code    10  fpinit.o(x$fpl$fpinit)
    __fplib_config_fpu_vfp                   0x0800523b   Thumb Code     0  fpinit.o(x$fpl$fpinit)
    __fplib_config_pureend_doubles           0x0800523b   Thumb Code     0  fpinit.o(x$fpl$fpinit)
    _printf_fp_dec                           0x0800523d   Thumb Code     4  printf1.o(x$fpl$printf1)
    _printf_fp_hex                           0x08005241   Thumb Code     4  printf2.o(x$fpl$printf2)
    CRC8_TABLE                               0x08005244   Data         256  usb_tasks.o(.constdata)
    __I$use$fp                               0x08005244   Number         0  usenofp.o(x$fpl$usenofp)
    wCRC16_Table                             0x08005344   Data         512  usb_tasks.o(.constdata)
    AHBPrescTable                            0x08005544   Data          16  system_stm32f4xx.o(.constdata)
    Region$$Table$$Base                      0x08005650   Number         0  anon$$obj.o(Region$$Table)
    Region$$Table$$Limit                     0x08005670   Number         0  anon$$obj.o(Region$$Table)
    __ctype                                  0x08005699   Data           0  lc_ctype_c.o(locale$$data)
    FS_Desc                                  0x20000000   Data          28  usbd_desc.o(.data)
    USBD_LangIDDesc                          0x2000001c   Data           4  usbd_desc.o(.data)
    USBD_FS_DeviceDesc                       0x20000020   Data          18  usbd_desc.o(.data)
    USBD_StringSerial                        0x20000034   Data          26  usbd_desc.o(.data)
    MotionRxSize                             0x20000050   Data           4  usbd_cdc_if.o(.data)
    USBD_Interface_fops_FS                   0x20000054   Data          20  usbd_cdc_if.o(.data)
    uwTickFreq                               0x2000006c   Data           1  stm32f4xx_hal.o(.data)
    uwTickPrio                               0x20000070   Data           4  stm32f4xx_hal.o(.data)
    uwTick                                   0x20000074   Data           4  stm32f4xx_hal.o(.data)
    SystemCoreClock                          0x20000078   Data           4  system_stm32f4xx.o(.data)
    USBD_CDC                                 0x200000d4   Data          56  usbd_cdc.o(.data)
    hUsbDeviceFS                             0x2000010c   Data         732  usb_device.o(.bss)
    USBD_StrDesc                             0x200003e8   Data         512  usbd_desc.o(.bss)
    motion_rx                                0x200005e8   Data          44  usbd_cdc_if.o(.bss)
    UserRxBufferFS                           0x20000614   Data        2048  usbd_cdc_if.o(.bss)
    UserTxBufferFS                           0x20000e14   Data        2048  usbd_cdc_if.o(.bss)
    received_data                            0x20001614   Data          64  usb_tasks.o(.bss)
    hpcd_USB_OTG_FS                          0x20001974   Data        1252  usbd_conf.o(.bss)
    __libspace_start                         0x20001e58   Data          96  libspace.o(.bss)
    __temporary_stack_top$libspace           0x20001eb8   Data           0  libspace.o(.bss)



==============================================================================

Memory Map of the image

  Image Entry point : 0x08000189

  Load Region LR_IROM1 (Base: 0x08000000, Size: 0x000058a8, Max: 0x00080000, ABSOLUTE)

    Execution Region ER_IROM1 (Exec base: 0x08000000, Load base: 0x08000000, Size: 0x0000579c, Max: 0x00080000, ABSOLUTE)

    Exec Addr    Load Addr    Size         Type   Attr      Idx    E Section Name        Object

    0x08000000   0x08000000   0x00000188   Data   RO            3    RESET               startup_stm32f407xx.o
    0x08000188   0x08000188   0x00000008   Code   RO         3056  * !!!main             c_w.l(__main.o)
    0x08000190   0x08000190   0x00000034   Code   RO         3399    !!!scatter          c_w.l(__scatter.o)
    0x080001c4   0x080001c4   0x0000001a   Code   RO         3401    !!handler_copy      c_w.l(__scatter_copy.o)
    0x080001de   0x080001de   0x00000002   PAD
    0x080001e0   0x080001e0   0x0000001c   Code   RO         3403    !!handler_zi        c_w.l(__scatter_zi.o)
    0x080001fc   0x080001fc   0x00000000   Code   RO         3148    .ARM.Collect$$_printf_percent$$00000000  c_w.l(_printf_percent.o)
    0x080001fc   0x080001fc   0x00000006   Code   RO         3137    .ARM.Collect$$_printf_percent$$00000001  c_w.l(_printf_n.o)
    0x08000202   0x08000202   0x00000006   Code   RO         3139    .ARM.Collect$$_printf_percent$$00000002  c_w.l(_printf_p.o)
    0x08000208   0x08000208   0x00000006   Code   RO         3144    .ARM.Collect$$_printf_percent$$00000003  c_w.l(_printf_f.o)
    0x0800020e   0x0800020e   0x00000006   Code   RO         3145    .ARM.Collect$$_printf_percent$$00000004  c_w.l(_printf_e.o)
    0x08000214   0x08000214   0x00000006   Code   RO         3146    .ARM.Collect$$_printf_percent$$00000005  c_w.l(_printf_g.o)
    0x0800021a   0x0800021a   0x00000006   Code   RO         3147    .ARM.Collect$$_printf_percent$$00000006  c_w.l(_printf_a.o)
    0x08000220   0x08000220   0x0000000a   Code   RO         3152    .ARM.Collect$$_printf_percent$$00000007  c_w.l(_printf_ll.o)
    0x0800022a   0x0800022a   0x00000006   Code   RO         3141    .ARM.Collect$$_printf_percent$$00000008  c_w.l(_printf_i.o)
    0x08000230   0x08000230   0x00000006   Code   RO         3142    .ARM.Collect$$_printf_percent$$00000009  c_w.l(_printf_d.o)
    0x08000236   0x08000236   0x00000006   Code   RO         3143    .ARM.Collect$$_printf_percent$$0000000A  c_w.l(_printf_u.o)
    0x0800023c   0x0800023c   0x00000006   Code   RO         3140    .ARM.Collect$$_printf_percent$$0000000B  c_w.l(_printf_o.o)
    0x08000242   0x08000242   0x00000006   Code   RO         3138    .ARM.Collect$$_printf_percent$$0000000C  c_w.l(_printf_x.o)
    0x08000248   0x08000248   0x00000006   Code   RO         3149    .ARM.Collect$$_printf_percent$$0000000D  c_w.l(_printf_lli.o)
    0x0800024e   0x0800024e   0x00000006   Code   RO         3150    .ARM.Collect$$_printf_percent$$0000000E  c_w.l(_printf_lld.o)
    0x08000254   0x08000254   0x00000006   Code   RO         3151    .ARM.Collect$$_printf_percent$$0000000F  c_w.l(_printf_llu.o)
    0x0800025a   0x0800025a   0x00000006   Code   RO         3156    .ARM.Collect$$_printf_percent$$00000010  c_w.l(_printf_llo.o)
    0x08000260   0x08000260   0x00000006   Code   RO         3157    .ARM.Collect$$_printf_percent$$00000011  c_w.l(_printf_llx.o)
    0x08000266   0x08000266   0x0000000a   Code   RO         3153    .ARM.Collect$$_printf_percent$$00000012  c_w.l(_printf_l.o)
    0x08000270   0x08000270   0x00000006   Code   RO         3135    .ARM.Collect$$_printf_percent$$00000013  c_w.l(_printf_c.o)
    0x08000276   0x08000276   0x00000006   Code   RO         3136    .ARM.Collect$$_printf_percent$$00000014  c_w.l(_printf_s.o)
    0x0800027c   0x0800027c   0x00000006   Code   RO         3154    .ARM.Collect$$_printf_percent$$00000015  c_w.l(_printf_lc.o)
    0x08000282   0x08000282   0x00000006   Code   RO         3155    .ARM.Collect$$_printf_percent$$00000016  c_w.l(_printf_ls.o)
    0x08000288   0x08000288   0x00000004   Code   RO         3250    .ARM.Collect$$_printf_percent$$00000017  c_w.l(_printf_percent_end.o)
    0x0800028c   0x0800028c   0x00000002   Code   RO         3311    .ARM.Collect$$libinit$$00000000  c_w.l(libinit.o)
    0x0800028e   0x0800028e   0x00000004   Code   RO         3160    .ARM.Collect$$libinit$$00000001  c_w.l(libinit2.o)
    0x08000292   0x08000292   0x00000000   Code   RO         3163    .ARM.Collect$$libinit$$00000004  c_w.l(libinit2.o)
    0x08000292   0x08000292   0x00000000   Code   RO         3166    .ARM.Collect$$libinit$$0000000A  c_w.l(libinit2.o)
    0x08000292   0x08000292   0x00000000   Code   RO         3168    .ARM.Collect$$libinit$$0000000C  c_w.l(libinit2.o)
    0x08000292   0x08000292   0x00000000   Code   RO         3170    .ARM.Collect$$libinit$$0000000E  c_w.l(libinit2.o)
    0x08000292   0x08000292   0x00000006   Code   RO         3171    .ARM.Collect$$libinit$$0000000F  c_w.l(libinit2.o)
    0x08000298   0x08000298   0x00000000   Code   RO         3173    .ARM.Collect$$libinit$$00000011  c_w.l(libinit2.o)
    0x08000298   0x08000298   0x0000000c   Code   RO         3174    .ARM.Collect$$libinit$$00000012  c_w.l(libinit2.o)
    0x080002a4   0x080002a4   0x00000000   Code   RO         3175    .ARM.Collect$$libinit$$00000013  c_w.l(libinit2.o)
    0x080002a4   0x080002a4   0x00000000   Code   RO         3177    .ARM.Collect$$libinit$$00000015  c_w.l(libinit2.o)
    0x080002a4   0x080002a4   0x0000000a   Code   RO         3178    .ARM.Collect$$libinit$$00000016  c_w.l(libinit2.o)
    0x080002ae   0x080002ae   0x00000000   Code   RO         3179    .ARM.Collect$$libinit$$00000017  c_w.l(libinit2.o)
    0x080002ae   0x080002ae   0x00000000   Code   RO         3181    .ARM.Collect$$libinit$$00000019  c_w.l(libinit2.o)
    0x080002ae   0x080002ae   0x00000000   Code   RO         3183    .ARM.Collect$$libinit$$0000001B  c_w.l(libinit2.o)
    0x080002ae   0x080002ae   0x00000000   Code   RO         3185    .ARM.Collect$$libinit$$0000001D  c_w.l(libinit2.o)
    0x080002ae   0x080002ae   0x00000000   Code   RO         3187    .ARM.Collect$$libinit$$0000001F  c_w.l(libinit2.o)
    0x080002ae   0x080002ae   0x00000000   Code   RO         3189    .ARM.Collect$$libinit$$00000021  c_w.l(libinit2.o)
    0x080002ae   0x080002ae   0x00000000   Code   RO         3191    .ARM.Collect$$libinit$$00000023  c_w.l(libinit2.o)
    0x080002ae   0x080002ae   0x00000000   Code   RO         3193    .ARM.Collect$$libinit$$00000025  c_w.l(libinit2.o)
    0x080002ae   0x080002ae   0x00000000   Code   RO         3197    .ARM.Collect$$libinit$$0000002C  c_w.l(libinit2.o)
    0x080002ae   0x080002ae   0x00000000   Code   RO         3199    .ARM.Collect$$libinit$$0000002E  c_w.l(libinit2.o)
    0x080002ae   0x080002ae   0x00000000   Code   RO         3201    .ARM.Collect$$libinit$$00000030  c_w.l(libinit2.o)
    0x080002ae   0x080002ae   0x00000000   Code   RO         3203    .ARM.Collect$$libinit$$00000032  c_w.l(libinit2.o)
    0x080002ae   0x080002ae   0x00000002   Code   RO         3204    .ARM.Collect$$libinit$$00000033  c_w.l(libinit2.o)
    0x080002b0   0x080002b0   0x00000002   Code   RO         3364    .ARM.Collect$$libshutdown$$00000000  c_w.l(libshutdown.o)
    0x080002b2   0x080002b2   0x00000000   Code   RO         3380    .ARM.Collect$$libshutdown$$00000002  c_w.l(libshutdown2.o)
    0x080002b2   0x080002b2   0x00000000   Code   RO         3382    .ARM.Collect$$libshutdown$$00000004  c_w.l(libshutdown2.o)
    0x080002b2   0x080002b2   0x00000000   Code   RO         3384    .ARM.Collect$$libshutdown$$00000006  c_w.l(libshutdown2.o)
    0x080002b2   0x080002b2   0x00000000   Code   RO         3387    .ARM.Collect$$libshutdown$$00000009  c_w.l(libshutdown2.o)
    0x080002b2   0x080002b2   0x00000000   Code   RO         3390    .ARM.Collect$$libshutdown$$0000000C  c_w.l(libshutdown2.o)
    0x080002b2   0x080002b2   0x00000000   Code   RO         3392    .ARM.Collect$$libshutdown$$0000000E  c_w.l(libshutdown2.o)
    0x080002b2   0x080002b2   0x00000000   Code   RO         3395    .ARM.Collect$$libshutdown$$00000011  c_w.l(libshutdown2.o)
    0x080002b2   0x080002b2   0x00000002   Code   RO         3396    .ARM.Collect$$libshutdown$$00000012  c_w.l(libshutdown2.o)
    0x080002b4   0x080002b4   0x00000000   Code   RO         3060    .ARM.Collect$$rtentry$$00000000  c_w.l(__rtentry.o)
    0x080002b4   0x080002b4   0x00000000   Code   RO         3219    .ARM.Collect$$rtentry$$00000002  c_w.l(__rtentry2.o)
    0x080002b4   0x080002b4   0x00000006   Code   RO         3231    .ARM.Collect$$rtentry$$00000004  c_w.l(__rtentry4.o)
    0x080002ba   0x080002ba   0x00000000   Code   RO         3221    .ARM.Collect$$rtentry$$00000009  c_w.l(__rtentry2.o)
    0x080002ba   0x080002ba   0x00000004   Code   RO         3222    .ARM.Collect$$rtentry$$0000000A  c_w.l(__rtentry2.o)
    0x080002be   0x080002be   0x00000000   Code   RO         3224    .ARM.Collect$$rtentry$$0000000C  c_w.l(__rtentry2.o)
    0x080002be   0x080002be   0x00000008   Code   RO         3225    .ARM.Collect$$rtentry$$0000000D  c_w.l(__rtentry2.o)
    0x080002c6   0x080002c6   0x00000002   Code   RO         3321    .ARM.Collect$$rtexit$$00000000  c_w.l(rtexit.o)
    0x080002c8   0x080002c8   0x00000000   Code   RO         3346    .ARM.Collect$$rtexit$$00000002  c_w.l(rtexit2.o)
    0x080002c8   0x080002c8   0x00000004   Code   RO         3347    .ARM.Collect$$rtexit$$00000003  c_w.l(rtexit2.o)
    0x080002cc   0x080002cc   0x00000006   Code   RO         3348    .ARM.Collect$$rtexit$$00000004  c_w.l(rtexit2.o)
    0x080002d2   0x080002d2   0x00000002   PAD
    0x080002d4   0x080002d4   0x00000040   Code   RO            4    .text               startup_stm32f407xx.o
    0x08000314   0x08000314   0x000000ee   Code   RO         3041    .text               c_w.l(lludivv7m.o)
    0x08000402   0x08000402   0x00000002   PAD
    0x08000404   0x08000404   0x00000034   Code   RO         3043    .text               c_w.l(vsnprintf.o)
    0x08000438   0x08000438   0x0000008a   Code   RO         3050    .text               c_w.l(rt_memcpy_v6.o)
    0x080004c2   0x080004c2   0x0000004e   Code   RO         3052    .text               c_w.l(rt_memclr_w.o)
    0x08000510   0x08000510   0x00000006   Code   RO         3054    .text               c_w.l(heapauxi.o)
    0x08000516   0x08000516   0x0000004e   Code   RO         3067    .text               c_w.l(_printf_pad.o)
    0x08000564   0x08000564   0x00000024   Code   RO         3069    .text               c_w.l(_printf_truncate.o)
    0x08000588   0x08000588   0x00000052   Code   RO         3071    .text               c_w.l(_printf_str.o)
    0x080005da   0x080005da   0x00000002   PAD
    0x080005dc   0x080005dc   0x00000078   Code   RO         3073    .text               c_w.l(_printf_dec.o)
    0x08000654   0x08000654   0x00000028   Code   RO         3075    .text               c_w.l(_printf_charcount.o)
    0x0800067c   0x0800067c   0x00000030   Code   RO         3077    .text               c_w.l(_printf_char_common.o)
    0x080006ac   0x080006ac   0x0000000a   Code   RO         3079    .text               c_w.l(_sputc.o)
    0x080006b6   0x080006b6   0x00000010   Code   RO         3081    .text               c_w.l(_snputc.o)
    0x080006c6   0x080006c6   0x00000002   PAD
    0x080006c8   0x080006c8   0x000000bc   Code   RO         3083    .text               c_w.l(_printf_wctomb.o)
    0x08000784   0x08000784   0x0000007c   Code   RO         3086    .text               c_w.l(_printf_longlong_dec.o)
    0x08000800   0x08000800   0x00000070   Code   RO         3092    .text               c_w.l(_printf_oct_int_ll.o)
    0x08000870   0x08000870   0x00000094   Code   RO         3112    .text               c_w.l(_printf_hex_int_ll_ptr.o)
    0x08000904   0x08000904   0x00000188   Code   RO         3132    .text               c_w.l(__printf_flags_ss_wp.o)
    0x08000a8c   0x08000a8c   0x00000064   Code   RO         3158    .text               c_w.l(rt_memcpy_w.o)
    0x08000af0   0x08000af0   0x0000008a   Code   RO         3235    .text               c_w.l(lludiv10.o)
    0x08000b7a   0x08000b7a   0x000000b2   Code   RO         3237    .text               c_w.l(_printf_intcommon.o)
    0x08000c2c   0x08000c2c   0x0000041e   Code   RO         3239    .text               c_w.l(_printf_fp_dec.o)
    0x0800104a   0x0800104a   0x00000002   PAD
    0x0800104c   0x0800104c   0x000002fc   Code   RO         3241    .text               c_w.l(_printf_fp_hex.o)
    0x08001348   0x08001348   0x0000002c   Code   RO         3246    .text               c_w.l(_printf_char.o)
    0x08001374   0x08001374   0x0000002c   Code   RO         3248    .text               c_w.l(_printf_wchar.o)
    0x080013a0   0x080013a0   0x00000040   Code   RO         3251    .text               c_w.l(_wcrtomb.o)
    0x080013e0   0x080013e0   0x0000004a   Code   RO         3257    .text               c_w.l(sys_stackheap_outer.o)
    0x0800142a   0x0800142a   0x00000002   PAD
    0x0800142c   0x0800142c   0x00000010   Code   RO         3259    .text               c_w.l(rt_ctype_table.o)
    0x0800143c   0x0800143c   0x00000008   Code   RO         3264    .text               c_w.l(rt_locale_intlibspace.o)
    0x08001444   0x08001444   0x00000080   Code   RO         3266    .text               c_w.l(_printf_fp_infnan.o)
    0x080014c4   0x080014c4   0x000000e4   Code   RO         3268    .text               c_w.l(bigflt0.o)
    0x080015a8   0x080015a8   0x00000012   Code   RO         3296    .text               c_w.l(exit.o)
    0x080015ba   0x080015ba   0x00000002   PAD
    0x080015bc   0x080015bc   0x00000008   Code   RO         3318    .text               c_w.l(libspace.o)
    0x080015c4   0x080015c4   0x00000080   Code   RO         3338    .text               c_w.l(strcmpv7m.o)
    0x08001644   0x08001644   0x0000000c   Code   RO         3340    .text               c_w.l(sys_exit.o)
    0x08001650   0x08001650   0x00000002   Code   RO         3342    .text               c_w.l(use_no_semi.o)
    0x08001652   0x08001652   0x00000000   Code   RO         3344    .text               c_w.l(indicate_semi.o)
    0x08001652   0x08001652   0x0000003e   Code   RO         3271    CL$$btod_d2e        c_w.l(btod.o)
    0x08001690   0x08001690   0x00000046   Code   RO         3273    CL$$btod_d2e_denorm_low  c_w.l(btod.o)
    0x080016d6   0x080016d6   0x00000060   Code   RO         3272    CL$$btod_d2e_norm_op1  c_w.l(btod.o)
    0x08001736   0x08001736   0x00000338   Code   RO         3281    CL$$btod_div_common  c_w.l(btod.o)
    0x08001a6e   0x08001a6e   0x000000dc   Code   RO         3278    CL$$btod_e2e        c_w.l(btod.o)
    0x08001b4a   0x08001b4a   0x0000002a   Code   RO         3275    CL$$btod_ediv       c_w.l(btod.o)
    0x08001b74   0x08001b74   0x0000002a   Code   RO         3274    CL$$btod_emul       c_w.l(btod.o)
    0x08001b9e   0x08001b9e   0x00000244   Code   RO         3280    CL$$btod_mult_common  c_w.l(btod.o)
    0x08001de2   0x08001de2   0x00000002   Code   RO          217    i.BusFault_Handler  stm32f4xx_it.o
    0x08001de4   0x08001de4   0x00000024   Code   RO          440    i.CDC_Control_FS    usbd_cdc_if.o
    0x08001e08   0x08001e08   0x00000004   Code   RO          441    i.CDC_DeInit_FS     usbd_cdc_if.o
    0x08001e0c   0x08001e0c   0x00000024   Code   RO          442    i.CDC_Init_FS       usbd_cdc_if.o
    0x08001e30   0x08001e30   0x000000c4   Code   RO          443    i.CDC_Receive_FS    usbd_cdc_if.o
    0x08001ef4   0x08001ef4   0x00000004   Code   RO          444    i.CDC_TransmitCplt_FS  usbd_cdc_if.o
    0x08001ef8   0x08001ef8   0x0000002c   Code   RO          445    i.CDC_Transmit_FS   usbd_cdc_if.o
    0x08001f24   0x08001f24   0x0000002a   Code   RO          504    i.Crc8Vertify       usb_tasks.o
    0x08001f4e   0x08001f4e   0x00000002   Code   RO          218    i.DebugMon_Handler  stm32f4xx_it.o
    0x08001f50   0x08001f50   0x00000004   Code   RO           13    i.Error_Handler     main.o
    0x08001f54   0x08001f54   0x00000024   Code   RO         2314    i.HAL_Delay         stm32f4xx_hal.o
    0x08001f78   0x08001f78   0x000001f0   Code   RO         1770    i.HAL_GPIO_Init     stm32f4xx_hal_gpio.o
    0x08002168   0x08002168   0x0000000c   Code   RO         2320    i.HAL_GetTick       stm32f4xx_hal.o
    0x08002174   0x08002174   0x00000010   Code   RO         2326    i.HAL_IncTick       stm32f4xx_hal.o
    0x08002184   0x08002184   0x00000034   Code   RO         2327    i.HAL_Init          stm32f4xx_hal.o
    0x080021b8   0x080021b8   0x00000040   Code   RO         2328    i.HAL_InitTick      stm32f4xx_hal.o
    0x080021f8   0x080021f8   0x00000030   Code   RO          299    i.HAL_MspInit       stm32f4xx_hal_msp.o
    0x08002228   0x08002228   0x0000001a   Code   RO         2162    i.HAL_NVIC_EnableIRQ  stm32f4xx_hal_cortex.o
    0x08002242   0x08002242   0x00000002   PAD
    0x08002244   0x08002244   0x00000040   Code   RO         2168    i.HAL_NVIC_SetPriority  stm32f4xx_hal_cortex.o
    0x08002284   0x08002284   0x00000024   Code   RO         2169    i.HAL_NVIC_SetPriorityGrouping  stm32f4xx_hal_cortex.o
    0x080022a8   0x080022a8   0x00000002   Code   RO         1069    i.HAL_PCDEx_LPM_Callback  stm32f4xx_hal_pcd_ex.o
    0x080022aa   0x080022aa   0x00000008   Code   RO         1070    i.HAL_PCDEx_SetRxFiFo  stm32f4xx_hal_pcd_ex.o
    0x080022b2   0x080022b2   0x00000044   Code   RO         1071    i.HAL_PCDEx_SetTxFiFo  stm32f4xx_hal_pcd_ex.o
    0x080022f6   0x080022f6   0x00000008   Code   RO          623    i.HAL_PCD_ConnectCallback  usbd_conf.o
    0x080022fe   0x080022fe   0x00000012   Code   RO          624    i.HAL_PCD_DataInStageCallback  usbd_conf.o
    0x08002310   0x08002310   0x00000014   Code   RO          625    i.HAL_PCD_DataOutStageCallback  usbd_conf.o
    0x08002324   0x08002324   0x00000008   Code   RO          626    i.HAL_PCD_DisconnectCallback  usbd_conf.o
    0x0800232c   0x0800232c   0x0000001e   Code   RO          839    i.HAL_PCD_EP_Abort  stm32f4xx_hal_pcd.o
    0x0800234a   0x0800234a   0x0000004a   Code   RO          840    i.HAL_PCD_EP_Close  stm32f4xx_hal_pcd.o
    0x08002394   0x08002394   0x0000005a   Code   RO          841    i.HAL_PCD_EP_ClrStall  stm32f4xx_hal_pcd.o
    0x080023ee   0x080023ee   0x00000012   Code   RO          843    i.HAL_PCD_EP_GetRxCount  stm32f4xx_hal_pcd.o
    0x08002400   0x08002400   0x00000062   Code   RO          844    i.HAL_PCD_EP_Open   stm32f4xx_hal_pcd.o
    0x08002462   0x08002462   0x00000038   Code   RO          845    i.HAL_PCD_EP_Receive  stm32f4xx_hal_pcd.o
    0x0800249a   0x0800249a   0x00000072   Code   RO          846    i.HAL_PCD_EP_SetStall  stm32f4xx_hal_pcd.o
    0x0800250c   0x0800250c   0x00000032   Code   RO          847    i.HAL_PCD_EP_Transmit  stm32f4xx_hal_pcd.o
    0x0800253e   0x0800253e   0x00000002   PAD
    0x08002540   0x08002540   0x0000055c   Code   RO          849    i.HAL_PCD_IRQHandler  stm32f4xx_hal_pcd.o
    0x08002a9c   0x08002a9c   0x00000008   Code   RO          627    i.HAL_PCD_ISOINIncompleteCallback  usbd_conf.o
    0x08002aa4   0x08002aa4   0x00000008   Code   RO          628    i.HAL_PCD_ISOOUTIncompleteCallback  usbd_conf.o
    0x08002aac   0x08002aac   0x000000cc   Code   RO          852    i.HAL_PCD_Init      stm32f4xx_hal_pcd.o
    0x08002b78   0x08002b78   0x00000084   Code   RO          630    i.HAL_PCD_MspInit   usbd_conf.o
    0x08002bfc   0x08002bfc   0x0000002c   Code   RO          631    i.HAL_PCD_ResetCallback  usbd_conf.o
    0x08002c28   0x08002c28   0x00000008   Code   RO          632    i.HAL_PCD_ResumeCallback  usbd_conf.o
    0x08002c30   0x08002c30   0x00000008   Code   RO          633    i.HAL_PCD_SOFCallback  usbd_conf.o
    0x08002c38   0x08002c38   0x00000026   Code   RO          858    i.HAL_PCD_SetAddress  stm32f4xx_hal_pcd.o
    0x08002c5e   0x08002c5e   0x0000000e   Code   RO          634    i.HAL_PCD_SetupStageCallback  usbd_conf.o
    0x08002c6c   0x08002c6c   0x00000042   Code   RO          861    i.HAL_PCD_Start     stm32f4xx_hal_pcd.o
    0x08002cae   0x08002cae   0x00000002   PAD
    0x08002cb0   0x08002cb0   0x00000030   Code   RO          635    i.HAL_PCD_SuspendCallback  usbd_conf.o
    0x08002ce0   0x08002ce0   0x00000134   Code   RO         1416    i.HAL_RCC_ClockConfig  stm32f4xx_hal_rcc.o
    0x08002e14   0x08002e14   0x0000000c   Code   RO         1421    i.HAL_RCC_GetHCLKFreq  stm32f4xx_hal_rcc.o
    0x08002e20   0x08002e20   0x00000064   Code   RO         1425    i.HAL_RCC_GetSysClockFreq  stm32f4xx_hal_rcc.o
    0x08002e84   0x08002e84   0x0000036c   Code   RO         1428    i.HAL_RCC_OscConfig  stm32f4xx_hal_rcc.o
    0x080031f0   0x080031f0   0x00000028   Code   RO         2173    i.HAL_SYSTICK_Config  stm32f4xx_hal_cortex.o
    0x08003218   0x08003218   0x00000002   Code   RO          219    i.HardFault_Handler  stm32f4xx_it.o
    0x0800321a   0x0800321a   0x00000002   PAD
    0x0800321c   0x0800321c   0x00000038   Code   RO          354    i.IntToUnicode      usbd_desc.o
    0x08003254   0x08003254   0x0000002c   Code   RO          193    i.MX_GPIO_Init      gpio.o
    0x08003280   0x08003280   0x00000054   Code   RO          323    i.MX_USB_DEVICE_Init  usb_device.o
    0x080032d4   0x080032d4   0x00000002   Code   RO          220    i.MemManage_Handler  stm32f4xx_it.o
    0x080032d6   0x080032d6   0x00000002   Code   RO          221    i.NMI_Handler       stm32f4xx_it.o
    0x080032d8   0x080032d8   0x0000000c   Code   RO          222    i.OTG_FS_IRQHandler  stm32f4xx_it.o
    0x080032e4   0x080032e4   0x000000cc   Code   RO          865    i.PCD_EP_OutXfrComplete_int  stm32f4xx_hal_pcd.o
    0x080033b0   0x080033b0   0x000000a2   Code   RO          866    i.PCD_WriteEmptyTxFifo  stm32f4xx_hal_pcd.o
    0x08003452   0x08003452   0x00000002   Code   RO          223    i.PendSV_Handler    stm32f4xx_it.o
    0x08003454   0x08003454   0x00000002   Code   RO          224    i.SVC_Handler       stm32f4xx_it.o
    0x08003456   0x08003456   0x0000000a   Code   RO         2798    i.SWAPBYTE          usbd_ctlreq.o
    0x08003460   0x08003460   0x00000004   Code   RO          225    i.SysTick_Handler   stm32f4xx_it.o
    0x08003464   0x08003464   0x00000094   Code   RO           14    i.SystemClock_Config  main.o
    0x080034f8   0x080034f8   0x00000010   Code   RO         2602    i.SystemInit        system_stm32f4xx.o
    0x08003508   0x08003508   0x00000076   Code   RO         2936    i.USBD_CDC_DataIn   usbd_cdc.o
    0x0800357e   0x0800357e   0x0000003c   Code   RO         2937    i.USBD_CDC_DataOut  usbd_cdc.o
    0x080035ba   0x080035ba   0x00000002   PAD
    0x080035bc   0x080035bc   0x00000090   Code   RO         2938    i.USBD_CDC_DeInit   usbd_cdc.o
    0x0800364c   0x0800364c   0x00000036   Code   RO         2939    i.USBD_CDC_EP0_RxReady  usbd_cdc.o
    0x08003682   0x08003682   0x00000002   PAD
    0x08003684   0x08003684   0x0000000c   Code   RO         2940    i.USBD_CDC_GetDeviceQualifierDescriptor  usbd_cdc.o
    0x08003690   0x08003690   0x0000003c   Code   RO         2941    i.USBD_CDC_GetFSCfgDesc  usbd_cdc.o
    0x080036cc   0x080036cc   0x00000040   Code   RO         2942    i.USBD_CDC_GetHSCfgDesc  usbd_cdc.o
    0x0800370c   0x0800370c   0x0000003c   Code   RO         2943    i.USBD_CDC_GetOtherSpeedCfgDesc  usbd_cdc.o
    0x08003748   0x08003748   0x00000118   Code   RO         2944    i.USBD_CDC_Init     usbd_cdc.o
    0x08003860   0x08003860   0x00000038   Code   RO         2945    i.USBD_CDC_ReceivePacket  usbd_cdc.o
    0x08003898   0x08003898   0x00000016   Code   RO         2946    i.USBD_CDC_RegisterInterface  usbd_cdc.o
    0x080038ae   0x080038ae   0x0000001a   Code   RO         2947    i.USBD_CDC_SetRxBuffer  usbd_cdc.o
    0x080038c8   0x080038c8   0x0000001e   Code   RO         2948    i.USBD_CDC_SetTxBuffer  usbd_cdc.o
    0x080038e6   0x080038e6   0x000000d4   Code   RO         2949    i.USBD_CDC_Setup    usbd_cdc.o
    0x080039ba   0x080039ba   0x00000002   PAD
    0x080039bc   0x080039bc   0x00000050   Code   RO         2950    i.USBD_CDC_TransmitPacket  usbd_cdc.o
    0x08003a0c   0x08003a0c   0x00000014   Code   RO         2639    i.USBD_ClrClassConfig  usbd_core.o
    0x08003a20   0x08003a20   0x00000004   Code   RO         2640    i.USBD_CoreFindEP   usbd_core.o
    0x08003a24   0x08003a24   0x00000004   Code   RO         2641    i.USBD_CoreFindIF   usbd_core.o
    0x08003a28   0x08003a28   0x00000010   Code   RO         2876    i.USBD_CtlContinueRx  usbd_ioreq.o
    0x08003a38   0x08003a38   0x00000010   Code   RO         2877    i.USBD_CtlContinueSendData  usbd_ioreq.o
    0x08003a48   0x08003a48   0x00000016   Code   RO         2799    i.USBD_CtlError     usbd_ctlreq.o
    0x08003a5e   0x08003a5e   0x0000001e   Code   RO         2878    i.USBD_CtlPrepareRx  usbd_ioreq.o
    0x08003a7c   0x08003a7c   0x00000016   Code   RO         2879    i.USBD_CtlReceiveStatus  usbd_ioreq.o
    0x08003a92   0x08003a92   0x0000001a   Code   RO         2880    i.USBD_CtlSendData  usbd_ioreq.o
    0x08003aac   0x08003aac   0x00000016   Code   RO         2881    i.USBD_CtlSendStatus  usbd_ioreq.o
    0x08003ac2   0x08003ac2   0x00000002   PAD
    0x08003ac4   0x08003ac4   0x00000020   Code   RO          355    i.USBD_FS_ConfigStrDescriptor  usbd_desc.o
    0x08003ae4   0x08003ae4   0x0000000c   Code   RO          356    i.USBD_FS_DeviceDescriptor  usbd_desc.o
    0x08003af0   0x08003af0   0x00000024   Code   RO          357    i.USBD_FS_InterfaceStrDescriptor  usbd_desc.o
    0x08003b14   0x08003b14   0x0000000c   Code   RO          358    i.USBD_FS_LangIDStrDescriptor  usbd_desc.o
    0x08003b20   0x08003b20   0x00000028   Code   RO          359    i.USBD_FS_ManufacturerStrDescriptor  usbd_desc.o
    0x08003b48   0x08003b48   0x0000002c   Code   RO          360    i.USBD_FS_ProductStrDescriptor  usbd_desc.o
    0x08003b74   0x08003b74   0x00000038   Code   RO          361    i.USBD_FS_SerialStrDescriptor  usbd_desc.o
    0x08003bac   0x08003bac   0x000000e6   Code   RO         2800    i.USBD_GetDescriptor  usbd_ctlreq.o
    0x08003c92   0x08003c92   0x0000003a   Code   RO         2643    i.USBD_GetEpDesc    usbd_core.o
    0x08003ccc   0x08003ccc   0x00000014   Code   RO         2801    i.USBD_GetLen       usbd_ctlreq.o
    0x08003ce0   0x08003ce0   0x0000000e   Code   RO         2644    i.USBD_GetNextDesc  usbd_core.o
    0x08003cee   0x08003cee   0x0000004e   Code   RO         2802    i.USBD_GetString    usbd_ctlreq.o
    0x08003d3c   0x08003d3c   0x00000018   Code   RO          636    i.USBD_Get_USB_Status  usbd_conf.o
    0x08003d54   0x08003d54   0x00000026   Code   RO         2645    i.USBD_Init         usbd_core.o
    0x08003d7a   0x08003d7a   0x00000012   Code   RO          637    i.USBD_LL_ClearStallEP  usbd_conf.o
    0x08003d8c   0x08003d8c   0x00000012   Code   RO          638    i.USBD_LL_CloseEP   usbd_conf.o
    0x08003d9e   0x08003d9e   0x000000b6   Code   RO         2646    i.USBD_LL_DataInStage  usbd_core.o
    0x08003e54   0x08003e54   0x0000008e   Code   RO         2647    i.USBD_LL_DataOutStage  usbd_core.o
    0x08003ee2   0x08003ee2   0x00000004   Code   RO         2648    i.USBD_LL_DevConnected  usbd_core.o
    0x08003ee6   0x08003ee6   0x0000001e   Code   RO         2649    i.USBD_LL_DevDisconnected  usbd_core.o
    0x08003f04   0x08003f04   0x00000008   Code   RO          642    i.USBD_LL_GetRxDataSize  usbd_conf.o
    0x08003f0c   0x08003f0c   0x00000060   Code   RO          643    i.USBD_LL_Init      usbd_conf.o
    0x08003f6c   0x08003f6c   0x0000001e   Code   RO          644    i.USBD_LL_IsStallEP  usbd_conf.o
    0x08003f8a   0x08003f8a   0x00000028   Code   RO         2650    i.USBD_LL_IsoINIncomplete  usbd_core.o
    0x08003fb2   0x08003fb2   0x00000028   Code   RO         2651    i.USBD_LL_IsoOUTIncomplete  usbd_core.o
    0x08003fda   0x08003fda   0x00000018   Code   RO          645    i.USBD_LL_OpenEP    usbd_conf.o
    0x08003ff2   0x08003ff2   0x00000012   Code   RO          646    i.USBD_LL_PrepareReceive  usbd_conf.o
    0x08004004   0x08004004   0x0000005c   Code   RO         2652    i.USBD_LL_Reset     usbd_core.o
    0x08004060   0x08004060   0x00000014   Code   RO         2653    i.USBD_LL_Resume    usbd_core.o
    0x08004074   0x08004074   0x0000001a   Code   RO         2654    i.USBD_LL_SOF       usbd_core.o
    0x0800408e   0x0800408e   0x00000006   Code   RO         2655    i.USBD_LL_SetSpeed  usbd_core.o
    0x08004094   0x08004094   0x00000012   Code   RO          647    i.USBD_LL_SetUSBAddress  usbd_conf.o
    0x080040a6   0x080040a6   0x00000060   Code   RO         2656    i.USBD_LL_SetupStage  usbd_core.o
    0x08004106   0x08004106   0x00000012   Code   RO          648    i.USBD_LL_StallEP   usbd_conf.o
    0x08004118   0x08004118   0x00000012   Code   RO          649    i.USBD_LL_Start     usbd_conf.o
    0x0800412a   0x0800412a   0x0000001a   Code   RO         2657    i.USBD_LL_Suspend   usbd_core.o
    0x08004144   0x08004144   0x00000012   Code   RO          651    i.USBD_LL_Transmit  usbd_conf.o
    0x08004156   0x08004156   0x0000002c   Code   RO         2803    i.USBD_ParseSetupRequest  usbd_ctlreq.o
    0x08004182   0x08004182   0x0000003a   Code   RO         2658    i.USBD_RegisterClass  usbd_core.o
    0x080041bc   0x080041bc   0x00000014   Code   RO         2660    i.USBD_SetClassConfig  usbd_core.o
    0x080041d0   0x080041d0   0x000000b8   Code   RO         2804    i.USBD_SetConfig    usbd_ctlreq.o
    0x08004288   0x08004288   0x00000004   Code   RO         2661    i.USBD_Start        usbd_core.o
    0x0800428c   0x0800428c   0x0000012c   Code   RO         2805    i.USBD_StdDevReq    usbd_ctlreq.o
    0x080043b8   0x080043b8   0x00000160   Code   RO         2806    i.USBD_StdEPReq     usbd_ctlreq.o
    0x08004518   0x08004518   0x00000072   Code   RO         2807    i.USBD_StdItfReq    usbd_ctlreq.o
    0x0800458a   0x0800458a   0x00000002   Code   RO          652    i.USBD_static_free  usbd_conf.o
    0x0800458c   0x0800458c   0x00000008   Code   RO          653    i.USBD_static_malloc  usbd_conf.o
    0x08004594   0x08004594   0x00000080   Code   RO         1111    i.USB_ActivateEndpoint  stm32f4xx_ll_usb.o
    0x08004614   0x08004614   0x0000001c   Code   RO         1113    i.USB_ActivateSetup  stm32f4xx_ll_usb.o
    0x08004630   0x08004630   0x00000084   Code   RO         1115    i.USB_CoreInit      stm32f4xx_ll_usb.o
    0x080046b4   0x080046b4   0x0000003c   Code   RO         1116    i.USB_CoreReset     stm32f4xx_ll_usb.o
    0x080046f0   0x080046f0   0x000000cc   Code   RO         1119    i.USB_DeactivateEndpoint  stm32f4xx_ll_usb.o
    0x080047bc   0x080047bc   0x0000001c   Code   RO         1120    i.USB_DevConnect    stm32f4xx_ll_usb.o
    0x080047d8   0x080047d8   0x0000001c   Code   RO         1121    i.USB_DevDisconnect  stm32f4xx_ll_usb.o
    0x080047f4   0x080047f4   0x0000017c   Code   RO         1122    i.USB_DevInit       stm32f4xx_ll_usb.o
    0x08004970   0x08004970   0x0000000c   Code   RO         1123    i.USB_DisableGlobalInt  stm32f4xx_ll_usb.o
    0x0800497c   0x0800497c   0x00000058   Code   RO         1126    i.USB_EP0_OutStart  stm32f4xx_ll_usb.o
    0x080049d4   0x080049d4   0x00000058   Code   RO         1127    i.USB_EPClearStall  stm32f4xx_ll_usb.o
    0x08004a2c   0x08004a2c   0x00000058   Code   RO         1128    i.USB_EPSetStall    stm32f4xx_ll_usb.o
    0x08004a84   0x08004a84   0x00000238   Code   RO         1129    i.USB_EPStartXfer   stm32f4xx_ll_usb.o
    0x08004cbc   0x08004cbc   0x0000009e   Code   RO         1130    i.USB_EPStopXfer    stm32f4xx_ll_usb.o
    0x08004d5a   0x08004d5a   0x0000000c   Code   RO         1131    i.USB_EnableGlobalInt  stm32f4xx_ll_usb.o
    0x08004d66   0x08004d66   0x00000038   Code   RO         1132    i.USB_FlushRxFifo   stm32f4xx_ll_usb.o
    0x08004d9e   0x08004d9e   0x0000003c   Code   RO         1133    i.USB_FlushTxFifo   stm32f4xx_ll_usb.o
    0x08004dda   0x08004dda   0x0000001a   Code   RO         1135    i.USB_GetDevSpeed   stm32f4xx_ll_usb.o
    0x08004df4   0x08004df4   0x00000008   Code   RO         1137    i.USB_GetMode       stm32f4xx_ll_usb.o
    0x08004dfc   0x08004dfc   0x0000000e   Code   RO         1145    i.USB_ReadDevAllInEpInterrupt  stm32f4xx_ll_usb.o
    0x08004e0a   0x08004e0a   0x0000000e   Code   RO         1146    i.USB_ReadDevAllOutEpInterrupt  stm32f4xx_ll_usb.o
    0x08004e18   0x08004e18   0x00000024   Code   RO         1147    i.USB_ReadDevInEPInterrupt  stm32f4xx_ll_usb.o
    0x08004e3c   0x08004e3c   0x00000010   Code   RO         1148    i.USB_ReadDevOutEPInterrupt  stm32f4xx_ll_usb.o
    0x08004e4c   0x08004e4c   0x00000008   Code   RO         1149    i.USB_ReadInterrupts  stm32f4xx_ll_usb.o
    0x08004e54   0x08004e54   0x0000003e   Code   RO         1150    i.USB_ReadPacket    stm32f4xx_ll_usb.o
    0x08004e92   0x08004e92   0x0000005c   Code   RO         1152    i.USB_SetCurrentMode  stm32f4xx_ll_usb.o
    0x08004eee   0x08004eee   0x00000022   Code   RO         1153    i.USB_SetDevAddress  stm32f4xx_ll_usb.o
    0x08004f10   0x08004f10   0x000000e8   Code   RO         1155    i.USB_SetTurnaroundTime  stm32f4xx_ll_usb.o
    0x08004ff8   0x08004ff8   0x00000028   Code   RO         1158    i.USB_WritePacket   stm32f4xx_ll_usb.o
    0x08005020   0x08005020   0x00000002   Code   RO          226    i.UsageFault_Handler  stm32f4xx_it.o
    0x08005022   0x08005022   0x00000030   Code   RO         3314    i.__ARM_fpclassify  m_wm.l(fpclassify.o)
    0x08005052   0x08005052   0x00000020   Code   RO         2175    i.__NVIC_SetPriority  stm32f4xx_hal_cortex.o
    0x08005072   0x08005072   0x0000000e   Code   RO         3125    i._is_digit         c_w.l(__printf_wp.o)
    0x08005080   0x08005080   0x00000020   Code   RO          506    i.calculate_crc8    usb_tasks.o
    0x080050a0   0x080050a0   0x00000012   Code   RO           15    i.main              main.o
    0x080050b2   0x080050b2   0x00000002   PAD
    0x080050b4   0x080050b4   0x00000038   Code   RO          513    i.usb_printf        usb_tasks.o
    0x080050ec   0x080050ec   0x0000002c   Code   RO         3294    locale$$code        c_w.l(lc_numeric_c.o)
    0x08005118   0x08005118   0x0000002c   Code   RO         3328    locale$$code        c_w.l(lc_ctype_c.o)
    0x08005144   0x08005144   0x0000000c   Code   RO         3205    x$fpl$dretinf       fz_wm.l(dretinf.o)
    0x08005150   0x08005150   0x00000056   Code   RO         3058    x$fpl$f2d           fz_wm.l(f2d.o)
    0x080051a6   0x080051a6   0x0000008c   Code   RO         3207    x$fpl$fnaninf       fz_wm.l(fnaninf.o)
    0x08005232   0x08005232   0x0000000a   Code   RO         3255    x$fpl$fpinit        fz_wm.l(fpinit.o)
    0x0800523c   0x0800523c   0x00000004   Code   RO         3209    x$fpl$printf1       fz_wm.l(printf1.o)
    0x08005240   0x08005240   0x00000004   Code   RO         3211    x$fpl$printf2       fz_wm.l(printf2.o)
    0x08005244   0x08005244   0x00000000   Code   RO         3217    x$fpl$usenofp       fz_wm.l(usenofp.o)
    0x08005244   0x08005244   0x00000300   Data   RO          519    .constdata          usb_tasks.o
    0x08005544   0x08005544   0x00000010   Data   RO         2603    .constdata          system_stm32f4xx.o
    0x08005554   0x08005554   0x00000008   Data   RO         3084    .constdata          c_w.l(_printf_wctomb.o)
    0x0800555c   0x0800555c   0x00000028   Data   RO         3113    .constdata          c_w.l(_printf_hex_int_ll_ptr.o)
    0x08005584   0x08005584   0x00000011   Data   RO         3133    .constdata          c_w.l(__printf_flags_ss_wp.o)
    0x08005595   0x08005595   0x00000026   Data   RO         3242    .constdata          c_w.l(_printf_fp_hex.o)
    0x080055bb   0x080055bb   0x00000001   PAD
    0x080055bc   0x080055bc   0x00000094   Data   RO         3269    .constdata          c_w.l(bigflt0.o)
    0x08005650   0x08005650   0x00000020   Data   RO         3397    Region$$Table       anon$$obj.o
    0x08005670   0x08005670   0x0000001c   Data   RO         3293    locale$$data        c_w.l(lc_numeric_c.o)
    0x0800568c   0x0800568c   0x00000110   Data   RO         3327    locale$$data        c_w.l(lc_ctype_c.o)


    Execution Region RW_IRAM1 (Exec base: 0x20000000, Load base: 0x0800579c, Size: 0x000032b8, Max: 0x0001c000, ABSOLUTE)

    Exec Addr    Load Addr    Size         Type   Attr      Idx    E Section Name        Object

    0x20000000   0x0800579c   0x0000001c   Data   RW          363    .data               usbd_desc.o
    0x2000001c   0x080057b8   0x00000032   Data   RW          364    .data               usbd_desc.o
    0x2000004e   0x080057ea   0x00000002   PAD
    0x20000050   0x080057ec   0x00000004   Data   RW          449    .data               usbd_cdc_if.o
    0x20000054   0x080057f0   0x00000014   Data   RW          450    .data               usbd_cdc_if.o
    0x20000068   0x08005804   0x00000004   Data   RW          521    .data               usb_tasks.o
    0x2000006c   0x08005808   0x0000000c   Data   RW         2334    .data               stm32f4xx_hal.o
    0x20000078   0x08005814   0x00000004   Data   RW         2605    .data               system_stm32f4xx.o
    0x2000007c   0x08005818   0x00000001   Data   RW         2808    .data               usbd_ctlreq.o
    0x2000007d   0x08005819   0x00000003   PAD
    0x20000080   0x0800581c   0x00000053   Data   RW         2951    .data               usbd_cdc.o
    0x200000d3   0x0800586f   0x00000001   PAD
    0x200000d4   0x08005870   0x00000038   Data   RW         2952    .data               usbd_cdc.o
    0x2000010c        -       0x000002dc   Zero   RW          324    .bss                usb_device.o
    0x200003e8        -       0x00000200   Zero   RW          362    .bss                usbd_desc.o
    0x200005e8        -       0x0000102c   Zero   RW          446    .bss                usbd_cdc_if.o
    0x20001614        -       0x00000040   Zero   RW          516    .bss                usb_tasks.o
    0x20001654        -       0x00000100   Zero   RW          517    .bss                usb_tasks.o
    0x20001754        -       0x00000704   Zero   RW          654    .bss                usbd_conf.o
    0x20001e58        -       0x00000060   Zero   RW         3319    .bss                c_w.l(libspace.o)
    0x20001eb8        -       0x00001000   Zero   RW            2    HEAP                startup_stm32f407xx.o
    0x20002eb8        -       0x00000400   Zero   RW            1    STACK               startup_stm32f407xx.o


    Execution Region RW_IRAM2 (Exec base: 0x2001c000, Load base: 0x080058a8, Size: 0x00000000, Max: 0x00004000, ABSOLUTE)

    **** No section assigned to this execution region ****


==============================================================================

Image component sizes


      Code (inc. data)   RO Data    RW Data    ZI Data      Debug   Object Name

        44          6          0          0          0        811   gpio.o
       170          8          0          0          0     653551   main.o
        64         26        392          0       5120        848   startup_stm32f407xx.o
       180         28          0         12          0       9453   stm32f4xx_hal.o
       198         14          0          0          0      33855   stm32f4xx_hal_cortex.o
       496         46          0          0          0       1548   stm32f4xx_hal_gpio.o
        48          6          0          0          0        870   stm32f4xx_hal_msp.o
      2576         12          0          0          0      13652   stm32f4xx_hal_pcd.o
        78          0          0          0          0       2425   stm32f4xx_hal_pcd_ex.o
      1296         58          0          0          0       4558   stm32f4xx_hal_rcc.o
        32          6          0          0          0       4698   stm32f4xx_it.o
      2700        116          0          0          0      23432   stm32f4xx_ll_usb.o
        16          4         16          4          0       1147   system_stm32f4xx.o
        84         18          0          0        732        820   usb_device.o
       130         12        768          4        320       3843   usb_tasks.o
      1278         36          0        139          0      14505   usbd_cdc.o
       320        102          0         24       4140       5504   usbd_cdc_if.o
       642         24          0          0       1796      16976   usbd_conf.o
       924          0          0          0          0      15591   usbd_core.o
      1354         28          0          1          0      15392   usbd_ctlreq.o
       288        104          0         78        512       7469   usbd_desc.o
       132          0          0          0          0       4568   usbd_ioreq.o

    ----------------------------------------------------------------------
     13068        654       1208        268      12620     835516   Object Totals
         0          0         32          0          0          0   (incl. Generated)
        18          0          0          6          0          0   (incl. Padding)

    ----------------------------------------------------------------------

      Code (inc. data)   RO Data    RW Data    ZI Data      Debug   Library Member Name

         8          0          0          0          0         68   __main.o
       392          4         17          0          0         92   __printf_flags_ss_wp.o
        14          0          0          0          0         68   __printf_wp.o
         0          0          0          0          0          0   __rtentry.o
        12          0          0          0          0          0   __rtentry2.o
         6          0          0          0          0          0   __rtentry4.o
        52          8          0          0          0          0   __scatter.o
        26          0          0          0          0          0   __scatter_copy.o
        28          0          0          0          0          0   __scatter_zi.o
         6          0          0          0          0          0   _printf_a.o
         6          0          0          0          0          0   _printf_c.o
        44          0          0          0          0        108   _printf_char.o
        48          6          0          0          0         96   _printf_char_common.o
        40          0          0          0          0         68   _printf_charcount.o
         6          0          0          0          0          0   _printf_d.o
       120         16          0          0          0         92   _printf_dec.o
         6          0          0          0          0          0   _printf_e.o
         6          0          0          0          0          0   _printf_f.o
      1054          0          0          0          0        216   _printf_fp_dec.o
       764          8         38          0          0        100   _printf_fp_hex.o
       128         16          0          0          0         84   _printf_fp_infnan.o
         6          0          0          0          0          0   _printf_g.o
       148          4         40          0          0        160   _printf_hex_int_ll_ptr.o
         6          0          0          0          0          0   _printf_i.o
       178          0          0          0          0         88   _printf_intcommon.o
        10          0          0          0          0          0   _printf_l.o
         6          0          0          0          0          0   _printf_lc.o
        10          0          0          0          0          0   _printf_ll.o
         6          0          0          0          0          0   _printf_lld.o
         6          0          0          0          0          0   _printf_lli.o
         6          0          0          0          0          0   _printf_llo.o
         6          0          0          0          0          0   _printf_llu.o
         6          0          0          0          0          0   _printf_llx.o
       124         16          0          0          0         92   _printf_longlong_dec.o
         6          0          0          0          0          0   _printf_ls.o
         6          0          0          0          0          0   _printf_n.o
         6          0          0          0          0          0   _printf_o.o
       112         10          0          0          0        124   _printf_oct_int_ll.o
         6          0          0          0          0          0   _printf_p.o
        78          0          0          0          0        108   _printf_pad.o
         0          0          0          0          0          0   _printf_percent.o
         4          0          0          0          0          0   _printf_percent_end.o
         6          0          0          0          0          0   _printf_s.o
        82          0          0          0          0         80   _printf_str.o
        36          0          0          0          0         84   _printf_truncate.o
         6          0          0          0          0          0   _printf_u.o
        44          0          0          0          0        108   _printf_wchar.o
       188          6          8          0          0         92   _printf_wctomb.o
         6          0          0          0          0          0   _printf_x.o
        16          0          0          0          0         68   _snputc.o
        10          0          0          0          0         68   _sputc.o
        64          0          0          0          0         92   _wcrtomb.o
       228          4        148          0          0         96   bigflt0.o
      1936        128          0          0          0        672   btod.o
        18          0          0          0          0         80   exit.o
         6          0          0          0          0        152   heapauxi.o
         0          0          0          0          0          0   indicate_semi.o
        44         10        272          0          0         76   lc_ctype_c.o
        44         10         28          0          0         76   lc_numeric_c.o
         2          0          0          0          0          0   libinit.o
        34          0          0          0          0          0   libinit2.o
         2          0          0          0          0          0   libshutdown.o
         2          0          0          0          0          0   libshutdown2.o
         8          4          0          0         96         68   libspace.o
       138          0          0          0          0         80   lludiv10.o
       238          0          0          0          0        100   lludivv7m.o
        16          4          0          0          0         76   rt_ctype_table.o
         8          4          0          0          0         68   rt_locale_intlibspace.o
        78          0          0          0          0         80   rt_memclr_w.o
       138          0          0          0          0         68   rt_memcpy_v6.o
       100          0          0          0          0         80   rt_memcpy_w.o
         2          0          0          0          0          0   rtexit.o
        10          0          0          0          0          0   rtexit2.o
       128          0          0          0          0         68   strcmpv7m.o
        12          4          0          0          0         68   sys_exit.o
        74          0          0          0          0         80   sys_stackheap_outer.o
         2          0          0          0          0         68   use_no_semi.o
        52          4          0          0          0         80   vsnprintf.o
        12          0          0          0          0        116   dretinf.o
        86          4          0          0          0        132   f2d.o
       140          4          0          0          0        132   fnaninf.o
        10          0          0          0          0        116   fpinit.o
         4          0          0          0          0        116   printf1.o
         4          0          0          0          0        116   printf2.o
         0          0          0          0          0          0   usenofp.o
        48          0          0          0          0        124   fpclassify.o

    ----------------------------------------------------------------------
      7600        274        552          0         96       5144   Library Totals
        16          0          1          0          0          0   (incl. Padding)

    ----------------------------------------------------------------------

      Code (inc. data)   RO Data    RW Data    ZI Data      Debug   Library Name

      7280        266        551          0         96       4292   c_w.l
       256          8          0          0          0        728   fz_wm.l
        48          0          0          0          0        124   m_wm.l

    ----------------------------------------------------------------------
      7600        274        552          0         96       5144   Library Totals

    ----------------------------------------------------------------------

==============================================================================


      Code (inc. data)   RO Data    RW Data    ZI Data      Debug   

     20668        928       1760        268      12716     821220   Grand Totals
     20668        928       1760        268      12716     821220   ELF Image Totals
     20668        928       1760        268          0          0   ROM Totals

==============================================================================

    Total RO  Size (Code + RO Data)                22428 (  21.90kB)
    Total RW  Size (RW Data + ZI Data)             12984 (  12.68kB)
    Total ROM Size (Code + RO Data + RW Data)      22696 (  22.16kB)

==============================================================================

